1 Tue Apr 4 09:40:51 CST 2023
1 Tue Apr 4 09:40:51 CST 2023
1 Tue Apr 4 09:40:51 CST 2023
1 Tue Apr 4 09:40:51 CST 2023
1 Tue Apr 4 09:40:51 CST 2023
1 Tue Apr 4 09:40:51 CST 2023
1 Tue Apr 4 09:40:51 CST 2023
1 Tue Apr 4 09:40:51 CST 2023
1 Tue Apr 4 09:40:51 CST 2023
1 Tue Apr 4 09:40:51 CST 2023
1 Tue Apr 4 09:40:51 CST 2023
1 Tue Apr 4 09:40:51 CST 2023
1 Tue Apr 4 09:40:51 CST 2023
1 Tue Apr 4 09:40:51 CST 2023
1 Tue Apr 4 09:40:51 CST 2023
1 Tue Apr 4 09:40:51 CST 2023
1 Tue Apr 4 09:40:51 CST 2023
1 Tue Apr 4 09:40:51 CST 2023
1 Tue Apr 4 09:40:51 CST 2023
1 Tue Apr 4 09:40:51 CST 2023
1 Tue Apr 4 09:40:51 CST 2023
1 Tue Apr 4 09:40:51 CST 2023
1 Tue Apr 4 09:40:51 CST 2023
1 Tue Apr 4 09:40:51 CST 2023
1 Tue Apr 4 09:40:51 CST 2023
1 Tue Apr 4 09:40:51 CST 2023
1 Tue Apr 4 09:40:51 CST 2023
1 Tue Apr 4 09:40:51 CST 2023
1 Tue Apr 4 09:40:51 CST 2023
1 Tue Apr 4 09:40:51 CST 2023
1 Tue Apr 4 09:40:51 CST 2023
1 Tue Apr 4 09:40:51 CST 2023
1 Tue Apr 4 09:40:51 CST 2023
1 Tue Apr 4 09:40:51 CST 2023
1 Tue Apr 4 09:40:51 CST 2023
1 Tue Apr 4 09:40:51 CST 2023
1 Tue Apr 4 09:40:51 CST 2023
1 Tue Apr 4 09:40:51 CST 2023
1 Tue Apr 4 09:40:51 CST 2023
1 Tue Apr 4 09:40:51 CST 2023
1 Tue Apr 4 09:40:51 CST 2023
1 Tue Apr 4 09:40:51 CST 2023
1 Tue Apr 4 09:40:51 CST 2023
1 Tue Apr 4 09:40:51 CST 2023
1 Tue Apr 4 09:40:51 CST 2023
1 Tue Apr 4 09:40:51 CST 2023
1 Tue Apr 4 09:40:51 CST 2023
1 Tue Apr 4 09:40:51 CST 2023
1 Tue Apr 4 09:40:51 CST 2023
1 Tue Apr 4 09:40:51 CST 2023
1 Tue Apr 4 09:40:51 CST 2023
1 Tue Apr 4 09:40:51 CST 2023
1 Tue Apr 4 09:40:51 CST 2023
1 Tue Apr 4 09:40:51 CST 2023
1 Tue Apr 4 09:40:51 CST 2023
1 Tue Apr 4 09:40:51 CST 2023
1 Tue Apr 4 09:40:51 CST 2023
1 Tue Apr 4 09:40:51 CST 2023
1 Tue Apr 4 09:40:51 CST 2023
1 Tue Apr 4 09:40:52 CST 2023
1 Tue Apr 4 09:40:52 CST 2023
1 Tue Apr 4 09:40:52 CST 2023
1 Tue Apr 4 09:40:52 CST 2023
1 Tue Apr 4 09:40:52 CST 2023
1 Tue Apr 4 09:40:52 CST 2023
1 Tue Apr 4 09:40:52 CST 2023
1 Tue Apr 4 09:40:52 CST 2023
1 Tue Apr 4 09:40:52 CST 2023
1 Tue Apr 4 09:40:52 CST 2023
1 Tue Apr 4 09:40:52 CST 2023
1 Tue Apr 4 09:40:52 CST 2023
1 Tue Apr 4 09:40:52 CST 2023
1 Tue Apr 4 09:40:52 CST 2023
1 Tue Apr 4 09:40:52 CST 2023
1 Tue Apr 4 09:40:52 CST 2023
1 Tue Apr 4 09:40:52 CST 2023
1 Tue Apr 4 09:40:52 CST 2023
1 Tue Apr 4 09:40:52 CST 2023
1 Tue Apr 4 09:40:52 CST 2023
1 Tue Apr 4 09:40:52 CST 2023
1 Tue Apr 4 09:40:52 CST 2023
1 Tue Apr 4 09:40:52 CST 2023
1 Tue Apr 4 09:40:52 CST 2023
1 Tue Apr 4 09:40:52 CST 2023
1 Tue Apr 4 09:40:52 CST 2023
1 Tue Apr 4 09:40:52 CST 2023
1 Tue Apr 4 09:40:52 CST 2023
1 Tue Apr 4 09:40:52 CST 2023
1 Tue Apr 4 09:40:52 CST 2023
1 Tue Apr 4 09:40:52 CST 2023
1 Tue Apr 4 09:40:52 CST 2023
1 Tue Apr 4 09:40:52 CST 2023
1 Tue Apr 4 09:40:52 CST 2023
1 Tue Apr 4 09:40:52 CST 2023
1 Tue Apr 4 09:40:52 CST 2023
1 Tue Apr 4 09:40:52 CST 2023
1 Tue Apr 4 09:40:52 CST 2023
1 Tue Apr 4 09:40:52 CST 2023
1 Tue Apr 4 09:40:52 CST 2023
1 Tue Apr 4 09:40:52 CST 2023
1 Tue Apr 4 09:40:52 CST 2023
1 Tue Apr 4 09:40:52 CST 2023
1 Tue Apr 4 09:40:52 CST 2023
1 Tue Apr 4 09:40:52 CST 2023
1 Tue Apr 4 09:40:52 CST 2023
1 Tue Apr 4 09:40:52 CST 2023
1 Tue Apr 4 09:40:52 CST 2023
1 Tue Apr 4 09:40:52 CST 2023
1 Tue Apr 4 09:40:52 CST 2023
1 Tue Apr 4 09:40:52 CST 2023
1 Tue Apr 4 09:40:52 CST 2023
1 Tue Apr 4 09:40:52 CST 2023
1 Tue Apr 4 09:40:52 CST 2023
1 Tue Apr 4 09:40:52 CST 2023
1 Tue Apr 4 09:40:52 CST 2023
1 Tue Apr 4 09:40:52 CST 2023
1 Tue Apr 4 09:40:52 CST 2023
1 Tue Apr 4 09:40:52 CST 2023
1 Tue Apr 4 09:40:52 CST 2023
1 Tue Apr 4 09:40:52 CST 2023
1 Tue Apr 4 09:40:52 CST 2023
1 Tue Apr 4 09:40:52 CST 2023
1 Tue Apr 4 09:40:52 CST 2023
1 Tue Apr 4 09:40:52 CST 2023
1 Tue Apr 4 09:40:52 CST 2023
1 Tue Apr 4 09:40:52 CST 2023
1 Tue Apr 4 09:40:52 CST 2023
1 Tue Apr 4 09:40:52 CST 2023
1 Tue Apr 4 09:40:52 CST 2023
1 Tue Apr 4 09:40:52 CST 2023
1 Tue Apr 4 09:40:52 CST 2023
1 Tue Apr 4 09:40:52 CST 2023
1 Tue Apr 4 09:40:52 CST 2023
1 Tue Apr 4 09:40:52 CST 2023
1 Tue Apr 4 09:40:52 CST 2023
1 Tue Apr 4 09:40:52 CST 2023
1 Tue Apr 4 09:40:52 CST 2023
1 Tue Apr 4 09:40:52 CST 2023
1 Tue Apr 4 09:40:52 CST 2023
1 Tue Apr 4 09:40:52 CST 2023
1 Tue Apr 4 09:40:52 CST 2023
1 Tue Apr 4 09:40:52 CST 2023
1 Tue Apr 4 09:40:52 CST 2023
1 Tue Apr 4 09:40:52 CST 2023
1 Tue Apr 4 09:40:52 CST 2023
1 Tue Apr 4 09:40:52 CST 2023
1 Tue Apr 4 09:40:52 CST 2023
1 Tue Apr 4 09:40:52 CST 2023
1 Tue Apr 4 09:40:52 CST 2023
1 Tue Apr 4 09:40:52 CST 2023
1 Tue Apr 4 09:40:52 CST 2023
1 Tue Apr 4 09:40:52 CST 2023
1 Tue Apr 4 09:40:52 CST 2023
1 Tue Apr 4 09:40:52 CST 2023
1 Tue Apr 4 09:40:52 CST 2023
1 Tue Apr 4 09:40:52 CST 2023
1 Tue Apr 4 09:40:52 CST 2023
1 Tue Apr 4 09:40:52 CST 2023
1 Tue Apr 4 09:40:52 CST 2023
1 Tue Apr 4 09:40:52 CST 2023
1 Tue Apr 4 09:40:52 CST 2023
1 Tue Apr 4 09:40:52 CST 2023
1 Tue Apr 4 09:40:52 CST 2023
1 Tue Apr 4 09:40:52 CST 2023
1 Tue Apr 4 09:40:52 CST 2023
1 Tue Apr 4 09:40:52 CST 2023
1 Tue Apr 4 09:40:52 CST 2023
1 Tue Apr 4 09:40:52 CST 2023
1 Tue Apr 4 09:40:52 CST 2023
1 Tue Apr 4 09:40:52 CST 2023
1 Tue Apr 4 09:40:52 CST 2023
1 Tue Apr 4 09:40:52 CST 2023
1 Tue Apr 4 09:40:52 CST 2023
1 Tue Apr 4 09:40:52 CST 2023
1 Tue Apr 4 09:40:52 CST 2023
1 Tue Apr 4 09:40:52 CST 2023
1 Tue Apr 4 09:40:52 CST 2023
1 Tue Apr 4 09:40:52 CST 2023
1 Tue Apr 4 09:40:52 CST 2023
1 Tue Apr 4 09:40:52 CST 2023
1 Tue Apr 4 09:40:52 CST 2023
1 Tue Apr 4 09:40:52 CST 2023
1 Tue Apr 4 09:40:52 CST 2023
1 Tue Apr 4 09:40:52 CST 2023
1 Tue Apr 4 09:40:52 CST 2023
1 Tue Apr 4 09:40:52 CST 2023
1 Tue Apr 4 09:40:52 CST 2023
1 Tue Apr 4 09:40:52 CST 2023
1 Tue Apr 4 09:40:52 CST 2023
1 Tue Apr 4 09:40:52 CST 2023
1 Tue Apr 4 09:40:52 CST 2023
1 Tue Apr 4 09:40:52 CST 2023
1 Tue Apr 4 09:40:52 CST 2023
1 Tue Apr 4 09:40:52 CST 2023
1 Tue Apr 4 09:40:52 CST 2023
1 Tue Apr 4 09:40:52 CST 2023
1 Tue Apr 4 09:40:52 CST 2023
1 Tue Apr 4 09:40:52 CST 2023
1 Tue Apr 4 09:40:52 CST 2023
1 Tue Apr 4 09:40:52 CST 2023
1 Tue Apr 4 09:40:52 CST 2023
1 Tue Apr 4 09:40:52 CST 2023
1 Tue Apr 4 09:40:52 CST 2023
1 Tue Apr 4 09:40:52 CST 2023
1 Tue Apr 4 09:40:52 CST 2023
1 Tue Apr 4 09:40:52 CST 2023
1 Tue Apr 4 09:40:52 CST 2023
1 Tue Apr 4 09:40:52 CST 2023
1 Tue Apr 4 09:40:52 CST 2023
1 Tue Apr 4 09:40:52 CST 2023
1 Tue Apr 4 09:40:52 CST 2023
1 Tue Apr 4 09:40:52 CST 2023
1 Tue Apr 4 09:40:52 CST 2023
1 Tue Apr 4 09:40:52 CST 2023
1 Tue Apr 4 09:40:52 CST 2023
1 Tue Apr 4 09:40:52 CST 2023
1 Tue Apr 4 09:40:52 CST 2023
1 Tue Apr 4 09:40:52 CST 2023
1 Tue Apr 4 09:40:52 CST 2023
1 Tue Apr 4 09:40:52 CST 2023
1 Tue Apr 4 09:40:52 CST 2023
1 Tue Apr 4 09:40:52 CST 2023
1 Tue Apr 4 09:40:52 CST 2023
1 Tue Apr 4 09:40:52 CST 2023
1 Tue Apr 4 09:40:52 CST 2023
1 Tue Apr 4 09:40:52 CST 2023
1 Tue Apr 4 09:40:52 CST 2023
1 Tue Apr 4 09:40:52 CST 2023
1 Tue Apr 4 09:40:52 CST 2023
1 Tue Apr 4 09:40:52 CST 2023
1 Tue Apr 4 09:40:52 CST 2023
1 Tue Apr 4 09:40:52 CST 2023
1 Tue Apr 4 09:40:52 CST 2023
1 Tue Apr 4 09:40:52 CST 2023
1 Tue Apr 4 09:40:52 CST 2023
1 Tue Apr 4 09:40:52 CST 2023
1 Tue Apr 4 09:40:52 CST 2023
1 Tue Apr 4 09:40:52 CST 2023
1 Tue Apr 4 09:40:52 CST 2023
1 Tue Apr 4 09:40:52 CST 2023
1 Tue Apr 4 09:40:52 CST 2023
1 Tue Apr 4 09:40:52 CST 2023
1 Tue Apr 4 09:40:52 CST 2023
1 Tue Apr 4 09:40:52 CST 2023
1 Tue Apr 4 09:40:52 CST 2023
1 Tue Apr 4 09:40:52 CST 2023
1 Tue Apr 4 09:40:52 CST 2023
1 Tue Apr 4 09:40:52 CST 2023
1 Tue Apr 4 09:40:52 CST 2023
1 Tue Apr 4 09:40:52 CST 2023
1 Tue Apr 4 09:40:52 CST 2023
1 Tue Apr 4 09:40:52 CST 2023
1 Tue Apr 4 09:40:52 CST 2023
1 Tue Apr 4 09:40:52 CST 2023
1 Tue Apr 4 09:40:52 CST 2023
1 Tue Apr 4 09:40:52 CST 2023
1 Tue Apr 4 09:40:52 CST 2023
1 Tue Apr 4 09:40:52 CST 2023
1 Tue Apr 4 09:40:52 CST 2023
1 Tue Apr 4 09:40:52 CST 2023
1 Tue Apr 4 09:40:52 CST 2023
1 Tue Apr 4 09:40:52 CST 2023
1 Tue Apr 4 09:40:52 CST 2023
1 Tue Apr 4 09:40:52 CST 2023
1 Tue Apr 4 09:40:52 CST 2023
1 Tue Apr 4 09:40:52 CST 2023
1 Tue Apr 4 09:40:52 CST 2023
1 Tue Apr 4 09:40:52 CST 2023
1 Tue Apr 4 09:40:52 CST 2023
1 Tue Apr 4 09:40:52 CST 2023
1 Tue Apr 4 09:40:52 CST 2023
1 Tue Apr 4 09:40:52 CST 2023
1 Tue Apr 4 09:40:52 CST 2023
1 Tue Apr 4 09:40:52 CST 2023
1 Tue Apr 4 09:40:52 CST 2023
1 Tue Apr 4 09:40:52 CST 2023
1 Tue Apr 4 09:40:52 CST 2023
1 Tue Apr 4 09:40:52 CST 2023
1 Tue Apr 4 09:40:52 CST 2023
1 Tue Apr 4 09:40:52 CST 2023
1 Tue Apr 4 09:40:52 CST 2023
1 Tue Apr 4 09:40:52 CST 2023
1 Tue Apr 4 09:40:52 CST 2023
1 Tue Apr 4 09:40:52 CST 2023
1 Tue Apr 4 09:40:52 CST 2023
1 Tue Apr 4 09:40:52 CST 2023
1 Tue Apr 4 09:40:52 CST 2023
1 Tue Apr 4 09:40:52 CST 2023
1 Tue Apr 4 09:40:52 CST 2023
1 Tue Apr 4 09:40:52 CST 2023
1 Tue Apr 4 09:40:52 CST 2023
1 Tue Apr 4 09:40:52 CST 2023
1 Tue Apr 4 09:40:52 CST 2023
1 Tue Apr 4 09:40:52 CST 2023
1 Tue Apr 4 09:40:52 CST 2023
1 Tue Apr 4 09:40:52 CST 2023
1 Tue Apr 4 09:40:52 CST 2023
1 Tue Apr 4 09:40:52 CST 2023
1 Tue Apr 4 09:40:52 CST 2023
1 Tue Apr 4 09:40:52 CST 2023
1 Tue Apr 4 09:40:52 CST 2023
1 Tue Apr 4 09:40:52 CST 2023
1 Tue Apr 4 09:40:52 CST 2023
1 Tue Apr 4 09:40:52 CST 2023
1 Tue Apr 4 09:40:52 CST 2023
1 Tue Apr 4 09:40:52 CST 2023
1 Tue Apr 4 09:40:52 CST 2023
1 Tue Apr 4 09:40:52 CST 2023
1 Tue Apr 4 09:40:52 CST 2023
1 Tue Apr 4 09:40:52 CST 2023
1 Tue Apr 4 09:40:52 CST 2023
1 Tue Apr 4 09:40:52 CST 2023
1 Tue Apr 4 09:40:52 CST 2023
1 Tue Apr 4 09:40:52 CST 2023
1 Tue Apr 4 09:40:52 CST 2023
1 Tue Apr 4 09:40:52 CST 2023
1 Tue Apr 4 09:40:52 CST 2023
1 Tue Apr 4 09:40:52 CST 2023
1 Tue Apr 4 09:40:52 CST 2023
1 Tue Apr 4 09:40:52 CST 2023
1 Tue Apr 4 09:40:52 CST 2023
1 Tue Apr 4 09:40:52 CST 2023
1 Tue Apr 4 09:40:52 CST 2023
1 Tue Apr 4 09:40:52 CST 2023
1 Tue Apr 4 09:40:52 CST 2023
1 Tue Apr 4 09:40:52 CST 2023
1 Tue Apr 4 09:40:52 CST 2023
1 Tue Apr 4 09:40:52 CST 2023
1 Tue Apr 4 09:40:52 CST 2023
1 Tue Apr 4 09:40:52 CST 2023
1 Tue Apr 4 09:40:52 CST 2023
1 Tue Apr 4 09:40:52 CST 2023
1 Tue Apr 4 09:40:52 CST 2023
1 Tue Apr 4 09:40:52 CST 2023
1 Tue Apr 4 09:40:52 CST 2023
1 Tue Apr 4 09:40:52 CST 2023
1 Tue Apr 4 09:40:52 CST 2023
1 Tue Apr 4 09:40:52 CST 2023
1 Tue Apr 4 09:40:52 CST 2023
1 Tue Apr 4 09:40:52 CST 2023
1 Tue Apr 4 09:40:52 CST 2023
1 Tue Apr 4 09:40:52 CST 2023
1 Tue Apr 4 09:40:52 CST 2023
1 Tue Apr 4 09:40:52 CST 2023
1 Tue Apr 4 09:40:52 CST 2023
1 Tue Apr 4 09:40:52 CST 2023
1 Tue Apr 4 09:40:52 CST 2023
1 Tue Apr 4 09:40:52 CST 2023
1 Tue Apr 4 09:40:52 CST 2023
1 Tue Apr 4 09:40:52 CST 2023
1 Tue Apr 4 09:40:52 CST 2023
1 Tue Apr 4 09:40:52 CST 2023
1 Tue Apr 4 09:40:52 CST 2023
1 Tue Apr 4 09:40:52 CST 2023
1 Tue Apr 4 09:40:52 CST 2023
1 Tue Apr 4 09:40:52 CST 2023
1 Tue Apr 4 09:40:52 CST 2023
1 Tue Apr 4 09:40:52 CST 2023
1 Tue Apr 4 09:40:52 CST 2023
1 Tue Apr 4 09:40:52 CST 2023
1 Tue Apr 4 09:40:52 CST 2023
1 Tue Apr 4 09:40:52 CST 2023
1 Tue Apr 4 09:40:52 CST 2023
1 Tue Apr 4 09:40:52 CST 2023
1 Tue Apr 4 09:40:52 CST 2023
1 Tue Apr 4 09:40:52 CST 2023
1 Tue Apr 4 09:40:52 CST 2023
1 Tue Apr 4 09:40:52 CST 2023
1 Tue Apr 4 09:40:52 CST 2023
1 Tue Apr 4 09:40:52 CST 2023
1 Tue Apr 4 09:40:52 CST 2023
1 Tue Apr 4 09:40:52 CST 2023
1 Tue Apr 4 09:40:52 CST 2023
1 Tue Apr 4 09:40:52 CST 2023
1 Tue Apr 4 09:40:52 CST 2023
1 Tue Apr 4 09:40:52 CST 2023
1 Tue Apr 4 09:40:52 CST 2023
1 Tue Apr 4 09:40:52 CST 2023
1 Tue Apr 4 09:40:52 CST 2023
1 Tue Apr 4 09:40:52 CST 2023
1 Tue Apr 4 09:40:52 CST 2023
1 Tue Apr 4 09:40:52 CST 2023
1 Tue Apr 4 09:40:52 CST 2023
1 Tue Apr 4 09:40:52 CST 2023
1 Tue Apr 4 09:40:52 CST 2023
1 Tue Apr 4 09:40:52 CST 2023
1 Tue Apr 4 09:40:52 CST 2023
1 Tue Apr 4 09:40:52 CST 2023
1 Tue Apr 4 09:40:52 CST 2023
1 Tue Apr 4 09:40:52 CST 2023
1 Tue Apr 4 09:40:52 CST 2023
1 Tue Apr 4 09:40:52 CST 2023
1 Tue Apr 4 09:40:52 CST 2023
1 Tue Apr 4 09:40:52 CST 2023
1 Tue Apr 4 09:40:52 CST 2023
1 Tue Apr 4 09:40:52 CST 2023
1 Tue Apr 4 09:40:52 CST 2023
1 Tue Apr 4 09:40:52 CST 2023
1 Tue Apr 4 09:40:52 CST 2023
1 Tue Apr 4 09:40:52 CST 2023
1 Tue Apr 4 09:40:52 CST 2023
1 Tue Apr 4 09:40:52 CST 2023
1 Tue Apr 4 09:40:52 CST 2023
1 Tue Apr 4 09:40:52 CST 2023
1 Tue Apr 4 09:40:52 CST 2023
1 Tue Apr 4 09:40:52 CST 2023
1 Tue Apr 4 09:40:52 CST 2023
1 Tue Apr 4 09:40:52 CST 2023
1 Tue Apr 4 09:40:52 CST 2023
1 Tue Apr 4 09:40:52 CST 2023
1 Tue Apr 4 09:40:52 CST 2023
1 Tue Apr 4 09:40:52 CST 2023
1 Tue Apr 4 09:40:52 CST 2023
1 Tue Apr 4 09:40:52 CST 2023
1 Tue Apr 4 09:40:52 CST 2023
1 Tue Apr 4 09:40:52 CST 2023
1 Tue Apr 4 09:40:52 CST 2023
1 Tue Apr 4 09:40:52 CST 2023
1 Tue Apr 4 09:40:52 CST 2023
1 Tue Apr 4 09:40:52 CST 2023
1 Tue Apr 4 09:40:52 CST 2023
1 Tue Apr 4 09:40:52 CST 2023
1 Tue Apr 4 09:40:52 CST 2023
1 Tue Apr 4 09:40:52 CST 2023
1 Tue Apr 4 09:40:52 CST 2023
1 Tue Apr 4 09:40:52 CST 2023
1 Tue Apr 4 09:40:52 CST 2023
1 Tue Apr 4 09:40:53 CST 2023
1 Tue Apr 4 09:40:53 CST 2023
1 Tue Apr 4 09:40:53 CST 2023
1 Tue Apr 4 09:40:53 CST 2023
1 Tue Apr 4 09:40:53 CST 2023
1 Tue Apr 4 09:40:53 CST 2023
1 Tue Apr 4 09:40:53 CST 2023
1 Tue Apr 4 09:40:53 CST 2023
1 Tue Apr 4 09:40:53 CST 2023
1 Tue Apr 4 09:40:53 CST 2023
1 Tue Apr 4 09:40:53 CST 2023
1 Tue Apr 4 09:40:53 CST 2023
1 Tue Apr 4 09:40:53 CST 2023
1 Tue Apr 4 09:40:53 CST 2023
1 Tue Apr 4 09:40:53 CST 2023
1 Tue Apr 4 09:40:53 CST 2023
1 Tue Apr 4 09:40:53 CST 2023
1 Tue Apr 4 09:40:53 CST 2023
1 Tue Apr 4 09:40:53 CST 2023
1 Tue Apr 4 09:40:53 CST 2023
1 Tue Apr 4 09:40:53 CST 2023
1 Tue Apr 4 09:40:53 CST 2023
1 Tue Apr 4 09:40:53 CST 2023
1 Tue Apr 4 09:40:53 CST 2023
1 Tue Apr 4 09:40:53 CST 2023
1 Tue Apr 4 09:40:53 CST 2023
1 Tue Apr 4 09:40:53 CST 2023
1 Tue Apr 4 09:40:53 CST 2023
1 Tue Apr 4 09:40:53 CST 2023
1 Tue Apr 4 09:40:53 CST 2023
1 Tue Apr 4 09:40:53 CST 2023
1 Tue Apr 4 09:40:53 CST 2023
1 Tue Apr 4 09:40:53 CST 2023
1 Tue Apr 4 09:40:53 CST 2023
1 Tue Apr 4 09:40:53 CST 2023
1 Tue Apr 4 09:40:53 CST 2023
1 Tue Apr 4 09:40:53 CST 2023
1 Tue Apr 4 09:40:53 CST 2023
1 Tue Apr 4 09:40:53 CST 2023
1 Tue Apr 4 09:40:53 CST 2023
1 Tue Apr 4 09:40:53 CST 2023
1 Tue Apr 4 09:40:53 CST 2023
1 Tue Apr 4 09:40:53 CST 2023
1 Tue Apr 4 09:40:53 CST 2023
1 Tue Apr 4 09:40:53 CST 2023
1 Tue Apr 4 09:40:53 CST 2023
1 Tue Apr 4 09:40:53 CST 2023
1 Tue Apr 4 09:40:53 CST 2023
1 Tue Apr 4 09:40:53 CST 2023
1 Tue Apr 4 09:40:53 CST 2023
1 Tue Apr 4 09:40:53 CST 2023
1 Tue Apr 4 09:40:53 CST 2023
1 Tue Apr 4 09:40:53 CST 2023
1 Tue Apr 4 09:40:53 CST 2023
1 Tue Apr 4 09:40:53 CST 2023
1 Tue Apr 4 09:40:53 CST 2023
1 Tue Apr 4 09:40:53 CST 2023
1 Tue Apr 4 09:40:53 CST 2023
1 Tue Apr 4 09:40:53 CST 2023
1 Tue Apr 4 09:40:53 CST 2023
1 Tue Apr 4 09:40:53 CST 2023
1 Tue Apr 4 09:40:53 CST 2023
1 Tue Apr 4 09:40:53 CST 2023
1 Tue Apr 4 09:40:53 CST 2023
1 Tue Apr 4 09:40:53 CST 2023
1 Tue Apr 4 09:40:53 CST 2023
1 Tue Apr 4 09:40:53 CST 2023
1 Tue Apr 4 09:40:53 CST 2023
1 Tue Apr 4 09:40:53 CST 2023
1 Tue Apr 4 09:40:53 CST 2023
1 Tue Apr 4 09:40:53 CST 2023
1 Tue Apr 4 09:40:53 CST 2023
1 Tue Apr 4 09:40:53 CST 2023
1 Tue Apr 4 09:40:53 CST 2023
1 Tue Apr 4 09:40:53 CST 2023
1 Tue Apr 4 09:40:53 CST 2023
1 Tue Apr 4 09:40:53 CST 2023
1 Tue Apr 4 09:40:53 CST 2023
1 Tue Apr 4 09:40:53 CST 2023
1 Tue Apr 4 09:40:53 CST 2023
1 Tue Apr 4 09:40:53 CST 2023
1 Tue Apr 4 09:40:53 CST 2023
1 Tue Apr 4 09:40:53 CST 2023
1 Tue Apr 4 09:40:53 CST 2023
1 Tue Apr 4 09:40:53 CST 2023
1 Tue Apr 4 09:40:53 CST 2023
1 Tue Apr 4 09:40:53 CST 2023
1 Tue Apr 4 09:40:53 CST 2023
1 Tue Apr 4 09:40:53 CST 2023
1 Tue Apr 4 09:40:53 CST 2023
1 Tue Apr 4 09:40:53 CST 2023
1 Tue Apr 4 09:40:53 CST 2023
1 Tue Apr 4 09:40:53 CST 2023
1 Tue Apr 4 09:40:53 CST 2023
1 Tue Apr 4 09:40:53 CST 2023
1 Tue Apr 4 09:40:53 CST 2023
1 Tue Apr 4 09:40:53 CST 2023
1 Tue Apr 4 09:40:53 CST 2023
1 Tue Apr 4 09:40:53 CST 2023
1 Tue Apr 4 09:40:53 CST 2023
1 Tue Apr 4 09:40:53 CST 2023
1 Tue Apr 4 09:40:53 CST 2023
1 Tue Apr 4 09:40:53 CST 2023
1 Tue Apr 4 09:40:53 CST 2023
1 Tue Apr 4 09:40:53 CST 2023
1 Tue Apr 4 09:40:53 CST 2023
1 Tue Apr 4 09:40:53 CST 2023
1 Tue Apr 4 09:40:53 CST 2023
1 Tue Apr 4 09:40:53 CST 2023
1 Tue Apr 4 09:40:53 CST 2023
1 Tue Apr 4 09:40:53 CST 2023
1 Tue Apr 4 09:40:53 CST 2023
1 Tue Apr 4 09:40:53 CST 2023
1 Tue Apr 4 09:40:53 CST 2023
1 Tue Apr 4 09:40:53 CST 2023
1 Tue Apr 4 09:40:53 CST 2023
1 Tue Apr 4 09:40:53 CST 2023
1 Tue Apr 4 09:40:53 CST 2023
1 Tue Apr 4 09:40:53 CST 2023
1 Tue Apr 4 09:40:53 CST 2023
1 Tue Apr 4 09:40:53 CST 2023
1 Tue Apr 4 09:40:53 CST 2023
1 Tue Apr 4 09:40:53 CST 2023
1 Tue Apr 4 09:40:53 CST 2023
1 Tue Apr 4 09:40:53 CST 2023
1 Tue Apr 4 09:40:53 CST 2023
1 Tue Apr 4 09:40:53 CST 2023
1 Tue Apr 4 09:40:53 CST 2023
1 Tue Apr 4 09:40:53 CST 2023
1 Tue Apr 4 09:40:53 CST 2023
1 Tue Apr 4 09:40:53 CST 2023
1 Tue Apr 4 09:40:53 CST 2023
1 Tue Apr 4 09:40:53 CST 2023
1 Tue Apr 4 09:40:53 CST 2023
1 Tue Apr 4 09:40:53 CST 2023
1 Tue Apr 4 09:40:53 CST 2023
1 Tue Apr 4 09:40:53 CST 2023
1 Tue Apr 4 09:40:53 CST 2023
1 Tue Apr 4 09:40:53 CST 2023
1 Tue Apr 4 09:40:53 CST 2023
1 Tue Apr 4 09:40:53 CST 2023
1 Tue Apr 4 09:40:53 CST 2023
1 Tue Apr 4 09:40:53 CST 2023
1 Tue Apr 4 09:40:53 CST 2023
1 Tue Apr 4 09:40:53 CST 2023
1 Tue Apr 4 09:40:53 CST 2023
1 Tue Apr 4 09:40:53 CST 2023
1 Tue Apr 4 09:40:53 CST 2023
1 Tue Apr 4 09:40:53 CST 2023
1 Tue Apr 4 09:40:53 CST 2023
1 Tue Apr 4 09:40:53 CST 2023
1 Tue Apr 4 09:40:53 CST 2023
1 Tue Apr 4 09:40:53 CST 2023
1 Tue Apr 4 09:40:53 CST 2023
1 Tue Apr 4 09:40:53 CST 2023
1 Tue Apr 4 09:40:53 CST 2023
1 Tue Apr 4 09:40:53 CST 2023
1 Tue Apr 4 09:40:53 CST 2023
1 Tue Apr 4 09:40:53 CST 2023
1 Tue Apr 4 09:40:53 CST 2023
1 Tue Apr 4 09:40:53 CST 2023
1 Tue Apr 4 09:40:53 CST 2023
1 Tue Apr 4 09:40:53 CST 2023
1 Tue Apr 4 09:40:53 CST 2023
1 Tue Apr 4 09:40:53 CST 2023
1 Tue Apr 4 09:40:53 CST 2023
1 Tue Apr 4 09:40:53 CST 2023
1 Tue Apr 4 09:40:53 CST 2023
1 Tue Apr 4 09:40:53 CST 2023
1 Tue Apr 4 09:40:53 CST 2023
1 Tue Apr 4 09:40:53 CST 2023
1 Tue Apr 4 09:40:53 CST 2023
1 Tue Apr 4 09:40:53 CST 2023
1 Tue Apr 4 09:40:53 CST 2023
1 Tue Apr 4 09:40:53 CST 2023
1 Tue Apr 4 09:40:53 CST 2023
1 Tue Apr 4 09:40:53 CST 2023
1 Tue Apr 4 09:40:53 CST 2023
1 Tue Apr 4 09:40:53 CST 2023
1 Tue Apr 4 09:40:53 CST 2023
1 Tue Apr 4 09:40:53 CST 2023
1 Tue Apr 4 09:40:53 CST 2023
1 Tue Apr 4 09:40:53 CST 2023
1 Tue Apr 4 09:40:53 CST 2023
1 Tue Apr 4 09:40:53 CST 2023
1 Tue Apr 4 09:40:53 CST 2023
1 Tue Apr 4 09:40:53 CST 2023
1 Tue Apr 4 09:40:53 CST 2023
1 Tue Apr 4 09:40:53 CST 2023
1 Tue Apr 4 09:40:53 CST 2023
1 Tue Apr 4 09:40:53 CST 2023
1 Tue Apr 4 09:40:53 CST 2023
1 Tue Apr 4 09:40:53 CST 2023
1 Tue Apr 4 09:40:53 CST 2023
1 Tue Apr 4 09:40:53 CST 2023
1 Tue Apr 4 09:40:53 CST 2023
1 Tue Apr 4 09:40:53 CST 2023
1 Tue Apr 4 09:40:53 CST 2023
1 Tue Apr 4 09:40:53 CST 2023
1 Tue Apr 4 09:40:53 CST 2023
1 Tue Apr 4 09:40:53 CST 2023
1 Tue Apr 4 09:40:53 CST 2023
1 Tue Apr 4 09:40:53 CST 2023
1 Tue Apr 4 09:40:53 CST 2023
1 Tue Apr 4 09:40:53 CST 2023
1 Tue Apr 4 09:40:53 CST 2023
1 Tue Apr 4 09:40:53 CST 2023
1 Tue Apr 4 09:40:53 CST 2023
1 Tue Apr 4 09:40:53 CST 2023
1 Tue Apr 4 09:40:53 CST 2023
1 Tue Apr 4 09:40:53 CST 2023
1 Tue Apr 4 09:40:53 CST 2023
1 Tue Apr 4 09:40:53 CST 2023
1 Tue Apr 4 09:40:53 CST 2023
1 Tue Apr 4 09:40:53 CST 2023
127 Tue Apr 4 09:41:02 CST 2023
127 Tue Apr 4 09:41:03 CST 2023
127 Tue Apr 4 09:41:04 CST 2023
127 Tue Apr 4 09:41:05 CST 2023
127 Tue Apr 4 09:41:05 CST 2023
127 Tue Apr 4 09:41:06 CST 2023
127 Tue Apr 4 09:41:06 CST 2023
127 Tue Apr 4 09:41:07 CST 2023
127 Tue Apr 4 09:41:08 CST 2023
127 Tue Apr 4 09:41:09 CST 2023
127 Tue Apr 4 09:41:10 CST 2023
127 Tue Apr 4 09:41:11 CST 2023
127 Tue Apr 4 09:41:12 CST 2023
127 Tue Apr 4 09:41:13 CST 2023
127 Tue Apr 4 09:41:14 CST 2023
127 Tue Apr 4 09:41:15 CST 2023
127 Tue Apr 4 09:41:16 CST 2023
127 Tue Apr 4 09:41:17 CST 2023
127 Tue Apr 4 09:41:18 CST 2023
127 Tue Apr 4 09:41:19 CST 2023
127 Tue Apr 4 09:41:20 CST 2023
127 Tue Apr 4 09:41:21 CST 2023
127 Tue Apr 4 09:41:22 CST 2023
127 Tue Apr 4 09:41:23 CST 2023
127 Tue Apr 4 09:41:24 CST 2023
127 Tue Apr 4 09:41:25 CST 2023
127 Tue Apr 4 09:41:26 CST 2023
127 Tue Apr 4 09:41:27 CST 2023
127 Tue Apr 4 09:41:28 CST 2023
127 Tue Apr 4 09:41:29 CST 2023
127 Tue Apr 4 09:41:31 CST 2023
127 Tue Apr 4 09:41:32 CST 2023
127 Tue Apr 4 09:41:33 CST 2023
127 Tue Apr 4 09:41:34 CST 2023
127 Tue Apr 4 09:41:35 CST 2023
127 Tue Apr 4 09:41:36 CST 2023
127 Tue Apr 4 09:41:37 CST 2023
127 Tue Apr 4 09:41:38 CST 2023
127 Tue Apr 4 09:41:39 CST 2023
127 Tue Apr 4 09:41:40 CST 2023
127 Tue Apr 4 09:41:41 CST 2023
127 Tue Apr 4 09:41:42 CST 2023
127 Tue Apr 4 09:41:43 CST 2023
127 Tue Apr 4 09:41:44 CST 2023
127 Tue Apr 4 09:41:45 CST 2023
127 Tue Apr 4 09:41:46 CST 2023
127 Tue Apr 4 09:41:47 CST 2023
127 Tue Apr 4 09:41:48 CST 2023
127 Tue Apr 4 09:41:49 CST 2023
127 Tue Apr 4 09:41:50 CST 2023
127 Tue Apr 4 09:41:51 CST 2023
127 Tue Apr 4 09:41:52 CST 2023
127 Tue Apr 4 09:41:53 CST 2023
127 Tue Apr 4 09:41:54 CST 2023
127 Tue Apr 4 09:41:55 CST 2023
127 Tue Apr 4 09:41:56 CST 2023
127 Tue Apr 4 09:41:57 CST 2023
127 Tue Apr 4 09:41:58 CST 2023
127 Tue Apr 4 09:41:59 CST 2023
127 Tue Apr 4 09:42:00 CST 2023
127 Tue Apr 4 09:42:01 CST 2023
127 Tue Apr 4 09:42:02 CST 2023
127 Tue Apr 4 09:42:03 CST 2023
127 Tue Apr 4 09:42:04 CST 2023
127 Tue Apr 4 09:42:05 CST 2023
127 Tue Apr 4 09:42:06 CST 2023
127 Tue Apr 4 09:42:07 CST 2023
127 Tue Apr 4 09:42:08 CST 2023
127 Tue Apr 4 09:42:09 CST 2023
127 Tue Apr 4 09:42:10 CST 2023
127 Tue Apr 4 09:42:11 CST 2023
127 Tue Apr 4 09:42:12 CST 2023
127 Tue Apr 4 09:42:14 CST 2023
127 Tue Apr 4 09:42:15 CST 2023
127 Tue Apr 4 09:42:16 CST 2023
127 Tue Apr 4 09:42:17 CST 2023
127 Tue Apr 4 09:42:18 CST 2023
127 Tue Apr 4 09:42:19 CST 2023
127 Tue Apr 4 09:42:20 CST 2023
127 Tue Apr 4 09:42:21 CST 2023
127 Tue Apr 4 09:42:22 CST 2023
127 Tue Apr 4 09:42:23 CST 2023
127 Tue Apr 4 09:42:24 CST 2023
127 Tue Apr 4 09:42:25 CST 2023
127 Tue Apr 4 09:42:26 CST 2023
127 Tue Apr 4 09:42:27 CST 2023
127 Tue Apr 4 09:42:28 CST 2023
127 Tue Apr 4 09:42:29 CST 2023
127 Tue Apr 4 09:42:30 CST 2023
127 Tue Apr 4 09:42:31 CST 2023
127 Tue Apr 4 09:42:32 CST 2023
127 Tue Apr 4 09:42:33 CST 2023
127 Tue Apr 4 09:42:34 CST 2023
127 Tue Apr 4 09:42:35 CST 2023
127 Tue Apr 4 09:42:36 CST 2023
127 Tue Apr 4 09:42:37 CST 2023
127 Tue Apr 4 09:42:38 CST 2023
127 Tue Apr 4 09:42:39 CST 2023
127 Tue Apr 4 09:42:40 CST 2023
127 Tue Apr 4 09:42:41 CST 2023
127 Tue Apr 4 09:42:42 CST 2023
127 Tue Apr 4 09:42:43 CST 2023
127 Tue Apr 4 09:42:44 CST 2023
127 Tue Apr 4 09:42:45 CST 2023
127 Tue Apr 4 09:42:46 CST 2023
127 Tue Apr 4 09:42:47 CST 2023
127 Tue Apr 4 09:42:48 CST 2023
127 Tue Apr 4 09:42:49 CST 2023
127 Tue Apr 4 09:42:50 CST 2023
127 Tue Apr 4 09:42:51 CST 2023
127 Tue Apr 4 09:42:52 CST 2023
127 Tue Apr 4 09:42:53 CST 2023
127 Tue Apr 4 09:42:54 CST 2023
127 Tue Apr 4 09:42:56 CST 2023
127 Tue Apr 4 09:42:57 CST 2023
127 Tue Apr 4 09:42:58 CST 2023
127 Tue Apr 4 09:42:59 CST 2023
127 Tue Apr 4 09:43:00 CST 2023
127 Tue Apr 4 09:43:01 CST 2023
127 Tue Apr 4 09:43:02 CST 2023
127 Tue Apr 4 09:43:03 CST 2023
127 Tue Apr 4 09:43:04 CST 2023
127 Tue Apr 4 09:43:05 CST 2023
127 Tue Apr 4 09:43:06 CST 2023
127 Tue Apr 4 09:43:07 CST 2023
127 Tue Apr 4 09:43:08 CST 2023
127 Tue Apr 4 09:43:09 CST 2023
127 Tue Apr 4 09:43:10 CST 2023
127 Tue Apr 4 09:43:11 CST 2023
127 Tue Apr 4 09:43:12 CST 2023
127 Tue Apr 4 09:43:13 CST 2023
127 Tue Apr 4 09:43:14 CST 2023
127 Tue Apr 4 09:43:15 CST 2023
127 Tue Apr 4 09:43:16 CST 2023
127 Tue Apr 4 09:43:17 CST 2023
127 Tue Apr 4 09:43:18 CST 2023
127 Tue Apr 4 09:43:19 CST 2023
127 Tue Apr 4 09:43:20 CST 2023
127 Tue Apr 4 09:43:21 CST 2023
127 Tue Apr 4 09:43:22 CST 2023
127 Tue Apr 4 09:43:23 CST 2023
127 Tue Apr 4 09:43:24 CST 2023
127 Tue Apr 4 09:43:25 CST 2023
127 Tue Apr 4 09:43:26 CST 2023
127 Tue Apr 4 09:43:27 CST 2023
127 Tue Apr 4 09:43:28 CST 2023
127 Tue Apr 4 09:43:29 CST 2023
127 Tue Apr 4 09:43:30 CST 2023
127 Tue Apr 4 09:43:31 CST 2023
127 Tue Apr 4 09:43:32 CST 2023
127 Tue Apr 4 09:43:33 CST 2023
127 Tue Apr 4 09:43:34 CST 2023
127 Tue Apr 4 09:43:35 CST 2023
127 Tue Apr 4 09:43:37 CST 2023
127 Tue Apr 4 09:43:38 CST 2023
127 Tue Apr 4 09:43:39 CST 2023
127 Tue Apr 4 09:43:40 CST 2023
127 Tue Apr 4 09:43:41 CST 2023
127 Tue Apr 4 09:43:42 CST 2023
127 Tue Apr 4 09:43:43 CST 2023
127 Tue Apr 4 09:43:44 CST 2023
127 Tue Apr 4 09:43:45 CST 2023
127 Tue Apr 4 09:43:46 CST 2023
127 Tue Apr 4 09:43:47 CST 2023
127 Tue Apr 4 09:43:48 CST 2023
127 Tue Apr 4 09:43:49 CST 2023
127 Tue Apr 4 09:43:50 CST 2023
127 Tue Apr 4 09:43:51 CST 2023
127 Tue Apr 4 09:43:52 CST 2023
127 Tue Apr 4 09:43:53 CST 2023
127 Tue Apr 4 09:43:54 CST 2023
127 Tue Apr 4 09:43:55 CST 2023
127 Tue Apr 4 09:43:56 CST 2023
127 Tue Apr 4 09:43:57 CST 2023
127 Tue Apr 4 09:43:58 CST 2023
127 Tue Apr 4 09:43:59 CST 2023
127 Tue Apr 4 09:44:00 CST 2023
127 Tue Apr 4 09:44:01 CST 2023
127 Tue Apr 4 09:44:02 CST 2023
127 Tue Apr 4 09:44:03 CST 2023
127 Tue Apr 4 09:44:04 CST 2023
127 Tue Apr 4 09:44:05 CST 2023
127 Tue Apr 4 09:44:06 CST 2023
127 Tue Apr 4 09:44:07 CST 2023
127 Tue Apr 4 09:44:08 CST 2023
127 Tue Apr 4 09:44:09 CST 2023
127 Tue Apr 4 09:44:10 CST 2023
127 Tue Apr 4 09:44:11 CST 2023
127 Tue Apr 4 09:44:12 CST 2023
127 Tue Apr 4 09:44:13 CST 2023
127 Tue Apr 4 09:44:14 CST 2023
127 Tue Apr 4 09:44:15 CST 2023
127 Tue Apr 4 09:44:17 CST 2023
127 Tue Apr 4 09:44:18 CST 2023
127 Tue Apr 4 09:44:19 CST 2023
127 Tue Apr 4 09:44:20 CST 2023
127 Tue Apr 4 09:44:21 CST 2023
127 Tue Apr 4 09:44:22 CST 2023
127 Tue Apr 4 09:44:23 CST 2023
127 Tue Apr 4 09:44:24 CST 2023
127 Tue Apr 4 09:44:25 CST 2023
127 Tue Apr 4 09:44:26 CST 2023
127 Tue Apr 4 09:44:27 CST 2023
127 Tue Apr 4 09:44:28 CST 2023
127 Tue Apr 4 09:44:29 CST 2023
127 Tue Apr 4 09:44:30 CST 2023
127 Tue Apr 4 09:44:31 CST 2023
127 Tue Apr 4 09:44:32 CST 2023
127 Tue Apr 4 09:44:33 CST 2023
127 Tue Apr 4 09:44:34 CST 2023
127 Tue Apr 4 09:44:35 CST 2023
127 Tue Apr 4 09:44:36 CST 2023
127 Tue Apr 4 09:44:37 CST 2023
127 Tue Apr 4 09:44:38 CST 2023
127 Tue Apr 4 09:44:39 CST 2023
127 Tue Apr 4 09:44:40 CST 2023
127 Tue Apr 4 09:44:41 CST 2023
127 Tue Apr 4 09:44:42 CST 2023
127 Tue Apr 4 09:44:43 CST 2023
127 Tue Apr 4 09:44:44 CST 2023
127 Tue Apr 4 09:44:45 CST 2023
127 Tue Apr 4 09:44:46 CST 2023
127 Tue Apr 4 09:44:47 CST 2023
127 Tue Apr 4 09:44:48 CST 2023
127 Tue Apr 4 09:44:49 CST 2023
127 Tue Apr 4 09:44:50 CST 2023
127 Tue Apr 4 09:44:51 CST 2023
127 Tue Apr 4 09:44:52 CST 2023
127 Tue Apr 4 09:44:53 CST 2023
127 Tue Apr 4 09:44:54 CST 2023
127 Tue Apr 4 09:44:55 CST 2023
127 Tue Apr 4 09:44:56 CST 2023
127 Tue Apr 4 09:44:57 CST 2023
127 Tue Apr 4 09:44:59 CST 2023
127 Tue Apr 4 09:45:00 CST 2023
127 Tue Apr 4 09:45:01 CST 2023
127 Tue Apr 4 09:45:02 CST 2023
127 Tue Apr 4 09:45:03 CST 2023
127 Tue Apr 4 09:45:04 CST 2023
127 Tue Apr 4 09:45:05 CST 2023
127 Tue Apr 4 09:45:06 CST 2023
127 Tue Apr 4 09:45:07 CST 2023
127 Tue Apr 4 09:45:08 CST 2023
127 Tue Apr 4 09:45:09 CST 2023
127 Tue Apr 4 09:45:10 CST 2023
127 Tue Apr 4 09:45:11 CST 2023
127 Tue Apr 4 09:45:12 CST 2023
127 Tue Apr 4 09:45:13 CST 2023
127 Tue Apr 4 09:45:14 CST 2023
127 Tue Apr 4 09:45:15 CST 2023
127 Tue Apr 4 09:45:16 CST 2023
127 Tue Apr 4 09:45:17 CST 2023
127 Tue Apr 4 09:45:18 CST 2023
127 Tue Apr 4 09:45:19 CST 2023
127 Tue Apr 4 09:45:20 CST 2023
127 Tue Apr 4 09:45:21 CST 2023
127 Tue Apr 4 09:45:22 CST 2023
127 Tue Apr 4 09:45:23 CST 2023
127 Tue Apr 4 09:45:24 CST 2023
127 Tue Apr 4 09:45:25 CST 2023
127 Tue Apr 4 09:45:26 CST 2023
127 Tue Apr 4 09:45:27 CST 2023
127 Tue Apr 4 09:45:28 CST 2023
127 Tue Apr 4 09:45:29 CST 2023
127 Tue Apr 4 09:45:30 CST 2023
127 Tue Apr 4 09:45:31 CST 2023
127 Tue Apr 4 09:45:32 CST 2023
127 Tue Apr 4 09:45:33 CST 2023
127 Tue Apr 4 09:45:34 CST 2023
127 Tue Apr 4 09:45:35 CST 2023
127 Tue Apr 4 09:45:36 CST 2023
127 Tue Apr 4 09:45:37 CST 2023
127 Tue Apr 4 09:45:38 CST 2023
127 Tue Apr 4 09:45:40 CST 2023
127 Tue Apr 4 09:45:41 CST 2023
127 Tue Apr 4 09:45:42 CST 2023
127 Tue Apr 4 09:45:43 CST 2023
127 Tue Apr 4 09:45:44 CST 2023
127 Tue Apr 4 09:45:45 CST 2023
127 Tue Apr 4 09:45:46 CST 2023
127 Tue Apr 4 09:45:47 CST 2023
127 Tue Apr 4 09:45:48 CST 2023
127 Tue Apr 4 09:45:49 CST 2023
127 Tue Apr 4 09:45:50 CST 2023
127 Tue Apr 4 09:45:51 CST 2023
127 Tue Apr 4 09:45:52 CST 2023
127 Tue Apr 4 09:45:53 CST 2023
127 Tue Apr 4 09:45:54 CST 2023
127 Tue Apr 4 09:45:55 CST 2023
127 Tue Apr 4 09:45:56 CST 2023
127 Tue Apr 4 09:45:57 CST 2023
127 Tue Apr 4 09:45:58 CST 2023
127 Tue Apr 4 09:45:59 CST 2023
127 Tue Apr 4 09:46:00 CST 2023
127 Tue Apr 4 09:46:01 CST 2023
127 Tue Apr 4 09:46:02 CST 2023
127 Tue Apr 4 09:46:03 CST 2023
127 Tue Apr 4 09:46:04 CST 2023
127 Tue Apr 4 09:46:05 CST 2023
127 Tue Apr 4 09:46:06 CST 2023
127 Tue Apr 4 09:46:07 CST 2023
127 Tue Apr 4 09:46:08 CST 2023
127 Tue Apr 4 09:46:09 CST 2023
127 Tue Apr 4 09:46:10 CST 2023
127 Tue Apr 4 09:46:11 CST 2023
127 Tue Apr 4 09:46:12 CST 2023
127 Tue Apr 4 09:46:13 CST 2023
127 Tue Apr 4 09:46:14 CST 2023
127 Tue Apr 4 09:46:15 CST 2023
127 Tue Apr 4 09:46:16 CST 2023
127 Tue Apr 4 09:46:17 CST 2023
127 Tue Apr 4 09:46:18 CST 2023
127 Tue Apr 4 09:46:20 CST 2023
127 Tue Apr 4 09:46:21 CST 2023
127 Tue Apr 4 09:46:22 CST 2023
127 Tue Apr 4 09:46:23 CST 2023
127 Tue Apr 4 09:46:24 CST 2023
127 Tue Apr 4 09:46:25 CST 2023
127 Tue Apr 4 09:46:26 CST 2023
127 Tue Apr 4 09:46:27 CST 2023
127 Tue Apr 4 09:46:28 CST 2023
127 Tue Apr 4 09:46:29 CST 2023
127 Tue Apr 4 09:46:30 CST 2023
127 Tue Apr 4 09:46:31 CST 2023
127 Tue Apr 4 09:46:32 CST 2023
127 Tue Apr 4 09:46:33 CST 2023
127 Tue Apr 4 09:46:34 CST 2023
127 Tue Apr 4 09:46:35 CST 2023
127 Tue Apr 4 09:46:36 CST 2023
127 Tue Apr 4 09:46:37 CST 2023
127 Tue Apr 4 09:46:38 CST 2023
127 Tue Apr 4 09:46:39 CST 2023
127 Tue Apr 4 09:46:40 CST 2023
127 Tue Apr 4 09:46:41 CST 2023
127 Tue Apr 4 09:46:42 CST 2023
127 Tue Apr 4 09:46:43 CST 2023
127 Tue Apr 4 09:46:44 CST 2023
127 Tue Apr 4 09:46:45 CST 2023
127 Tue Apr 4 09:46:46 CST 2023
127 Tue Apr 4 09:46:47 CST 2023
127 Tue Apr 4 09:46:48 CST 2023
127 Tue Apr 4 09:46:49 CST 2023
127 Tue Apr 4 09:46:50 CST 2023
127 Tue Apr 4 09:46:51 CST 2023
127 Tue Apr 4 09:46:52 CST 2023
127 Tue Apr 4 09:46:53 CST 2023
127 Tue Apr 4 09:46:54 CST 2023
127 Tue Apr 4 09:46:55 CST 2023
127 Tue Apr 4 09:46:56 CST 2023
127 Tue Apr 4 09:46:57 CST 2023
127 Tue Apr 4 09:46:58 CST 2023
127 Tue Apr 4 09:46:59 CST 2023
127 Tue Apr 4 09:47:00 CST 2023
127 Tue Apr 4 09:47:02 CST 2023
127 Tue Apr 4 09:47:03 CST 2023
127 Tue Apr 4 09:47:04 CST 2023
127 Tue Apr 4 09:47:05 CST 2023
127 Tue Apr 4 09:47:06 CST 2023
127 Tue Apr 4 09:47:07 CST 2023
127 Tue Apr 4 09:47:08 CST 2023
127 Tue Apr 4 09:47:09 CST 2023
127 Tue Apr 4 09:47:10 CST 2023
127 Tue Apr 4 09:47:11 CST 2023
127 Tue Apr 4 09:47:12 CST 2023
127 Tue Apr 4 09:47:13 CST 2023
127 Tue Apr 4 09:47:14 CST 2023
127 Tue Apr 4 09:47:15 CST 2023
127 Tue Apr 4 09:47:16 CST 2023
127 Tue Apr 4 09:47:17 CST 2023
127 Tue Apr 4 09:47:18 CST 2023
127 Tue Apr 4 09:47:19 CST 2023
127 Tue Apr 4 09:47:20 CST 2023
127 Tue Apr 4 09:47:21 CST 2023
127 Tue Apr 4 09:47:22 CST 2023
127 Tue Apr 4 09:47:23 CST 2023
127 Tue Apr 4 09:47:24 CST 2023
127 Tue Apr 4 09:47:25 CST 2023
127 Tue Apr 4 09:47:26 CST 2023
127 Tue Apr 4 09:47:27 CST 2023
127 Tue Apr 4 09:47:28 CST 2023
127 Tue Apr 4 09:47:29 CST 2023
127 Tue Apr 4 09:47:30 CST 2023
127 Tue Apr 4 09:47:31 CST 2023
127 Tue Apr 4 09:47:32 CST 2023
127 Tue Apr 4 09:47:33 CST 2023
127 Tue Apr 4 09:47:34 CST 2023
127 Tue Apr 4 09:47:35 CST 2023
127 Tue Apr 4 09:47:36 CST 2023
127 Tue Apr 4 09:47:37 CST 2023
127 Tue Apr 4 09:47:38 CST 2023
127 Tue Apr 4 09:47:39 CST 2023
127 Tue Apr 4 09:47:40 CST 2023
127 Tue Apr 4 09:47:41 CST 2023
127 Tue Apr 4 09:47:43 CST 2023
127 Tue Apr 4 09:47:44 CST 2023
127 Tue Apr 4 09:47:45 CST 2023
127 Tue Apr 4 09:47:46 CST 2023
127 Tue Apr 4 09:47:47 CST 2023
127 Tue Apr 4 09:47:48 CST 2023
127 Tue Apr 4 09:47:49 CST 2023
127 Tue Apr 4 09:47:50 CST 2023
127 Tue Apr 4 09:47:51 CST 2023
127 Tue Apr 4 09:47:52 CST 2023
127 Tue Apr 4 09:47:53 CST 2023
127 Tue Apr 4 09:47:54 CST 2023
127 Tue Apr 4 09:47:55 CST 2023
127 Tue Apr 4 09:47:56 CST 2023
127 Tue Apr 4 09:47:57 CST 2023
127 Tue Apr 4 09:47:58 CST 2023
127 Tue Apr 4 09:47:59 CST 2023
127 Tue Apr 4 09:48:00 CST 2023
127 Tue Apr 4 09:48:01 CST 2023
127 Tue Apr 4 09:48:02 CST 2023
127 Tue Apr 4 09:48:03 CST 2023
127 Tue Apr 4 09:48:04 CST 2023
127 Tue Apr 4 09:48:05 CST 2023
127 Tue Apr 4 09:48:06 CST 2023
127 Tue Apr 4 09:48:07 CST 2023
127 Tue Apr 4 09:48:08 CST 2023
127 Tue Apr 4 09:48:09 CST 2023
127 Tue Apr 4 09:48:10 CST 2023
127 Tue Apr 4 09:48:11 CST 2023
127 Tue Apr 4 09:48:12 CST 2023
127 Tue Apr 4 09:48:13 CST 2023
127 Tue Apr 4 09:48:14 CST 2023
127 Tue Apr 4 09:48:15 CST 2023
127 Tue Apr 4 09:48:16 CST 2023
127 Tue Apr 4 09:48:17 CST 2023
127 Tue Apr 4 09:48:18 CST 2023
127 Tue Apr 4 09:48:19 CST 2023
127 Tue Apr 4 09:48:20 CST 2023
127 Tue Apr 4 09:48:21 CST 2023
127 Tue Apr 4 09:48:22 CST 2023
127 Tue Apr 4 09:48:24 CST 2023
127 Tue Apr 4 09:48:25 CST 2023
127 Tue Apr 4 09:48:26 CST 2023
127 Tue Apr 4 09:48:27 CST 2023
127 Tue Apr 4 09:48:28 CST 2023
127 Tue Apr 4 09:48:29 CST 2023
127 Tue Apr 4 09:48:30 CST 2023
127 Tue Apr 4 09:48:31 CST 2023
127 Tue Apr 4 09:48:32 CST 2023
127 Tue Apr 4 09:48:33 CST 2023
127 Tue Apr 4 09:48:34 CST 2023
127 Tue Apr 4 09:48:35 CST 2023
127 Tue Apr 4 09:48:36 CST 2023
127 Tue Apr 4 09:48:37 CST 2023
127 Tue Apr 4 09:48:38 CST 2023
127 Tue Apr 4 09:48:39 CST 2023
127 Tue Apr 4 09:48:40 CST 2023
127 Tue Apr 4 09:48:41 CST 2023
127 Tue Apr 4 09:48:42 CST 2023
127 Tue Apr 4 09:48:43 CST 2023
127 Tue Apr 4 09:48:44 CST 2023
127 Tue Apr 4 09:48:45 CST 2023
127 Tue Apr 4 09:48:46 CST 2023
127 Tue Apr 4 09:48:47 CST 2023
127 Tue Apr 4 09:48:48 CST 2023
127 Tue Apr 4 09:48:49 CST 2023
127 Tue Apr 4 09:48:50 CST 2023
127 Tue Apr 4 09:48:51 CST 2023
127 Tue Apr 4 09:48:52 CST 2023
127 Tue Apr 4 09:48:53 CST 2023
127 Tue Apr 4 09:48:54 CST 2023
127 Tue Apr 4 09:48:55 CST 2023
127 Tue Apr 4 09:48:56 CST 2023
127 Tue Apr 4 09:48:57 CST 2023
127 Tue Apr 4 09:48:58 CST 2023
127 Tue Apr 4 09:48:59 CST 2023
127 Tue Apr 4 09:49:00 CST 2023
127 Tue Apr 4 09:49:01 CST 2023
127 Tue Apr 4 09:49:02 CST 2023
127 Tue Apr 4 09:49:03 CST 2023
127 Tue Apr 4 09:49:04 CST 2023
127 Tue Apr 4 09:49:05 CST 2023
127 Tue Apr 4 09:49:07 CST 2023
127 Tue Apr 4 09:49:08 CST 2023
127 Tue Apr 4 09:49:09 CST 2023
127 Tue Apr 4 09:49:10 CST 2023
127 Tue Apr 4 09:49:11 CST 2023
127 Tue Apr 4 09:49:12 CST 2023
127 Tue Apr 4 09:49:13 CST 2023
127 Tue Apr 4 09:49:14 CST 2023
127 Tue Apr 4 09:49:15 CST 2023
127 Tue Apr 4 09:49:16 CST 2023
127 Tue Apr 4 09:49:17 CST 2023
127 Tue Apr 4 09:49:18 CST 2023
127 Tue Apr 4 09:49:19 CST 2023
127 Tue Apr 4 09:49:20 CST 2023
127 Tue Apr 4 09:49:21 CST 2023
127 Tue Apr 4 09:49:22 CST 2023
127 Tue Apr 4 09:49:23 CST 2023
127 Tue Apr 4 09:49:24 CST 2023
127 Tue Apr 4 09:49:25 CST 2023
127 Tue Apr 4 09:49:26 CST 2023
127 Tue Apr 4 09:49:27 CST 2023
127 Tue Apr 4 09:49:28 CST 2023
127 Tue Apr 4 09:49:29 CST 2023
127 Tue Apr 4 09:49:30 CST 2023
127 Tue Apr 4 09:49:31 CST 2023
127 Tue Apr 4 09:49:32 CST 2023
127 Tue Apr 4 09:49:33 CST 2023
127 Tue Apr 4 09:49:34 CST 2023
127 Tue Apr 4 09:49:35 CST 2023
127 Tue Apr 4 09:49:36 CST 2023
127 Tue Apr 4 09:49:37 CST 2023
127 Tue Apr 4 09:49:38 CST 2023
127 Tue Apr 4 09:49:39 CST 2023
127 Tue Apr 4 09:49:40 CST 2023
127 Tue Apr 4 09:49:41 CST 2023
127 Tue Apr 4 09:49:42 CST 2023
127 Tue Apr 4 09:49:43 CST 2023
127 Tue Apr 4 09:49:44 CST 2023
127 Tue Apr 4 09:49:45 CST 2023
127 Tue Apr 4 09:49:46 CST 2023
127 Tue Apr 4 09:49:47 CST 2023
127 Tue Apr 4 09:49:48 CST 2023
127 Tue Apr 4 09:49:50 CST 2023
127 Tue Apr 4 09:49:51 CST 2023
127 Tue Apr 4 09:49:52 CST 2023
127 Tue Apr 4 09:49:53 CST 2023
127 Tue Apr 4 09:49:54 CST 2023
127 Tue Apr 4 09:49:55 CST 2023
127 Tue Apr 4 09:49:56 CST 2023
127 Tue Apr 4 09:49:57 CST 2023
127 Tue Apr 4 09:49:58 CST 2023
127 Tue Apr 4 09:49:59 CST 2023
127 Tue Apr 4 09:50:00 CST 2023
127 Tue Apr 4 09:50:01 CST 2023
127 Tue Apr 4 09:50:02 CST 2023
127 Tue Apr 4 09:50:03 CST 2023
127 Tue Apr 4 09:50:04 CST 2023
127 Tue Apr 4 09:50:05 CST 2023
127 Tue Apr 4 09:50:06 CST 2023
127 Tue Apr 4 09:50:07 CST 2023
127 Tue Apr 4 09:50:08 CST 2023
127 Tue Apr 4 09:50:09 CST 2023
127 Tue Apr 4 09:50:10 CST 2023
127 Tue Apr 4 09:50:11 CST 2023
127 Tue Apr 4 09:50:12 CST 2023
127 Tue Apr 4 09:50:13 CST 2023
127 Tue Apr 4 09:50:14 CST 2023
127 Tue Apr 4 09:50:15 CST 2023
127 Tue Apr 4 09:50:16 CST 2023
127 Tue Apr 4 09:50:17 CST 2023
127 Tue Apr 4 09:50:18 CST 2023
127 Tue Apr 4 09:50:19 CST 2023
127 Tue Apr 4 09:50:20 CST 2023
127 Tue Apr 4 09:50:21 CST 2023
127 Tue Apr 4 09:50:22 CST 2023
127 Tue Apr 4 09:50:23 CST 2023
127 Tue Apr 4 09:50:24 CST 2023
127 Tue Apr 4 09:50:25 CST 2023
127 Tue Apr 4 09:50:26 CST 2023
127 Tue Apr 4 09:50:27 CST 2023
127 Tue Apr 4 09:50:28 CST 2023
127 Tue Apr 4 09:50:29 CST 2023
127 Tue Apr 4 09:50:30 CST 2023
127 Tue Apr 4 09:50:32 CST 2023
127 Tue Apr 4 09:50:33 CST 2023
127 Tue Apr 4 09:50:34 CST 2023
127 Tue Apr 4 09:50:35 CST 2023
127 Tue Apr 4 09:50:36 CST 2023
127 Tue Apr 4 09:50:37 CST 2023
127 Tue Apr 4 09:50:38 CST 2023
127 Tue Apr 4 09:50:39 CST 2023
127 Tue Apr 4 09:50:40 CST 2023
127 Tue Apr 4 09:50:41 CST 2023
127 Tue Apr 4 09:50:42 CST 2023
127 Tue Apr 4 09:50:43 CST 2023
127 Tue Apr 4 09:50:44 CST 2023
127 Tue Apr 4 09:50:45 CST 2023
127 Tue Apr 4 09:50:46 CST 2023
127 Tue Apr 4 09:50:47 CST 2023
127 Tue Apr 4 09:50:48 CST 2023
127 Tue Apr 4 09:50:49 CST 2023
127 Tue Apr 4 09:50:50 CST 2023
127 Tue Apr 4 09:50:51 CST 2023
127 Tue Apr 4 09:50:52 CST 2023
127 Tue Apr 4 09:50:53 CST 2023
127 Tue Apr 4 09:50:54 CST 2023
127 Tue Apr 4 09:50:55 CST 2023
127 Tue Apr 4 09:50:56 CST 2023
127 Tue Apr 4 09:50:57 CST 2023
127 Tue Apr 4 09:50:58 CST 2023
127 Tue Apr 4 09:50:59 CST 2023
127 Tue Apr 4 09:51:00 CST 2023
127 Tue Apr 4 09:51:01 CST 2023
127 Tue Apr 4 09:51:02 CST 2023
127 Tue Apr 4 09:51:03 CST 2023
127 Tue Apr 4 09:51:04 CST 2023
127 Tue Apr 4 09:51:05 CST 2023
127 Tue Apr 4 09:51:06 CST 2023
127 Tue Apr 4 09:51:07 CST 2023
127 Tue Apr 4 09:51:08 CST 2023
127 Tue Apr 4 09:51:09 CST 2023
127 Tue Apr 4 09:51:10 CST 2023
127 Tue Apr 4 09:51:12 CST 2023
127 Tue Apr 4 09:51:13 CST 2023
127 Tue Apr 4 09:51:14 CST 2023
127 Tue Apr 4 09:51:15 CST 2023
127 Tue Apr 4 09:51:16 CST 2023
127 Tue Apr 4 09:51:17 CST 2023
127 Tue Apr 4 09:51:18 CST 2023
127 Tue Apr 4 09:51:19 CST 2023
127 Tue Apr 4 09:51:20 CST 2023
127 Tue Apr 4 09:51:21 CST 2023
127 Tue Apr 4 09:51:22 CST 2023
127 Tue Apr 4 09:51:23 CST 2023
127 Tue Apr 4 09:51:24 CST 2023
127 Tue Apr 4 09:51:25 CST 2023
127 Tue Apr 4 09:51:26 CST 2023
127 Tue Apr 4 09:51:27 CST 2023
127 Tue Apr 4 09:51:28 CST 2023
127 Tue Apr 4 09:51:29 CST 2023
127 Tue Apr 4 09:51:30 CST 2023
127 Tue Apr 4 09:51:31 CST 2023
127 Tue Apr 4 09:51:32 CST 2023
127 Tue Apr 4 09:51:33 CST 2023
127 Tue Apr 4 09:51:34 CST 2023
127 Tue Apr 4 09:51:35 CST 2023
127 Tue Apr 4 09:51:36 CST 2023
127 Tue Apr 4 09:51:37 CST 2023
127 Tue Apr 4 09:51:38 CST 2023
127 Tue Apr 4 09:51:39 CST 2023
127 Tue Apr 4 09:51:40 CST 2023
127 Tue Apr 4 09:51:41 CST 2023
127 Tue Apr 4 09:51:42 CST 2023
127 Tue Apr 4 09:51:43 CST 2023
127 Tue Apr 4 09:51:44 CST 2023
127 Tue Apr 4 09:51:45 CST 2023
127 Tue Apr 4 09:51:46 CST 2023
127 Tue Apr 4 09:51:47 CST 2023
127 Tue Apr 4 09:51:48 CST 2023
127 Tue Apr 4 09:51:49 CST 2023
127 Tue Apr 4 09:51:50 CST 2023
127 Tue Apr 4 09:51:51 CST 2023
127 Tue Apr 4 09:51:52 CST 2023
127 Tue Apr 4 09:51:54 CST 2023
127 Tue Apr 4 09:51:55 CST 2023
127 Tue Apr 4 09:51:56 CST 2023
127 Tue Apr 4 09:51:57 CST 2023
127 Tue Apr 4 09:51:58 CST 2023
127 Tue Apr 4 09:51:59 CST 2023
127 Tue Apr 4 09:52:00 CST 2023
127 Tue Apr 4 09:52:01 CST 2023
127 Tue Apr 4 09:52:02 CST 2023
127 Tue Apr 4 09:52:03 CST 2023
127 Tue Apr 4 09:52:04 CST 2023
127 Tue Apr 4 09:52:05 CST 2023
127 Tue Apr 4 09:52:06 CST 2023
127 Tue Apr 4 09:52:07 CST 2023
127 Tue Apr 4 09:52:08 CST 2023
127 Tue Apr 4 09:52:09 CST 2023
127 Tue Apr 4 09:52:10 CST 2023
127 Tue Apr 4 09:52:11 CST 2023
127 Tue Apr 4 09:52:12 CST 2023
127 Tue Apr 4 09:52:13 CST 2023
127 Tue Apr 4 09:52:14 CST 2023
127 Tue Apr 4 09:52:15 CST 2023
127 Tue Apr 4 09:52:16 CST 2023
127 Tue Apr 4 09:52:17 CST 2023
127 Tue Apr 4 09:52:18 CST 2023
127 Tue Apr 4 09:52:19 CST 2023
127 Tue Apr 4 09:52:20 CST 2023
127 Tue Apr 4 09:52:21 CST 2023
127 Tue Apr 4 09:52:22 CST 2023
127 Tue Apr 4 09:52:23 CST 2023
127 Tue Apr 4 09:52:24 CST 2023
127 Tue Apr 4 09:52:25 CST 2023
127 Tue Apr 4 09:52:26 CST 2023
127 Tue Apr 4 09:52:27 CST 2023
127 Tue Apr 4 09:52:28 CST 2023
127 Tue Apr 4 09:52:29 CST 2023
127 Tue Apr 4 09:52:30 CST 2023
127 Tue Apr 4 09:52:31 CST 2023
127 Tue Apr 4 09:52:32 CST 2023
127 Tue Apr 4 09:52:33 CST 2023
127 Tue Apr 4 09:52:35 CST 2023
127 Tue Apr 4 09:52:36 CST 2023
127 Tue Apr 4 09:52:37 CST 2023
127 Tue Apr 4 09:52:38 CST 2023
127 Tue Apr 4 09:52:39 CST 2023
127 Tue Apr 4 09:52:40 CST 2023
127 Tue Apr 4 09:52:41 CST 2023
127 Tue Apr 4 09:52:42 CST 2023
127 Tue Apr 4 09:52:43 CST 2023
127 Tue Apr 4 09:52:44 CST 2023
127 Tue Apr 4 09:52:45 CST 2023
127 Tue Apr 4 09:52:46 CST 2023
127 Tue Apr 4 09:52:47 CST 2023
127 Tue Apr 4 09:52:48 CST 2023
127 Tue Apr 4 09:52:49 CST 2023
127 Tue Apr 4 09:52:50 CST 2023
127 Tue Apr 4 09:52:51 CST 2023
127 Tue Apr 4 09:52:52 CST 2023
127 Tue Apr 4 09:52:53 CST 2023
127 Tue Apr 4 09:52:54 CST 2023
127 Tue Apr 4 09:52:55 CST 2023
127 Tue Apr 4 09:52:56 CST 2023
127 Tue Apr 4 09:52:57 CST 2023
127 Tue Apr 4 09:52:58 CST 2023
127 Tue Apr 4 09:52:59 CST 2023
127 Tue Apr 4 09:53:00 CST 2023
127 Tue Apr 4 09:53:01 CST 2023
127 Tue Apr 4 09:53:02 CST 2023
127 Tue Apr 4 09:53:03 CST 2023
127 Tue Apr 4 09:53:04 CST 2023
127 Tue Apr 4 09:53:05 CST 2023
127 Tue Apr 4 09:53:06 CST 2023
127 Tue Apr 4 09:53:07 CST 2023
127 Tue Apr 4 09:53:08 CST 2023
127 Tue Apr 4 09:53:09 CST 2023
127 Tue Apr 4 09:53:10 CST 2023
127 Tue Apr 4 09:53:11 CST 2023
127 Tue Apr 4 09:53:12 CST 2023
127 Tue Apr 4 09:53:13 CST 2023
127 Tue Apr 4 09:53:14 CST 2023
127 Tue Apr 4 09:53:16 CST 2023
127 Tue Apr 4 09:53:17 CST 2023
127 Tue Apr 4 09:53:18 CST 2023
127 Tue Apr 4 09:53:19 CST 2023
127 Tue Apr 4 09:53:20 CST 2023
127 Tue Apr 4 09:53:21 CST 2023
127 Tue Apr 4 09:53:22 CST 2023
127 Tue Apr 4 09:53:23 CST 2023
127 Tue Apr 4 09:53:24 CST 2023
127 Tue Apr 4 09:53:25 CST 2023
127 Tue Apr 4 09:53:26 CST 2023
127 Tue Apr 4 09:53:27 CST 2023
127 Tue Apr 4 09:53:28 CST 2023
127 Tue Apr 4 09:53:29 CST 2023
127 Tue Apr 4 09:53:30 CST 2023
127 Tue Apr 4 09:53:31 CST 2023
127 Tue Apr 4 09:53:32 CST 2023
127 Tue Apr 4 09:53:33 CST 2023
127 Tue Apr 4 09:53:34 CST 2023
127 Tue Apr 4 09:53:35 CST 2023
127 Tue Apr 4 09:53:36 CST 2023
127 Tue Apr 4 09:53:37 CST 2023
127 Tue Apr 4 09:53:38 CST 2023
127 Tue Apr 4 09:53:39 CST 2023
127 Tue Apr 4 09:53:40 CST 2023
127 Tue Apr 4 09:53:41 CST 2023
127 Tue Apr 4 09:53:42 CST 2023
127 Tue Apr 4 09:53:43 CST 2023
127 Tue Apr 4 09:53:44 CST 2023
127 Tue Apr 4 09:53:45 CST 2023
127 Tue Apr 4 09:53:46 CST 2023
127 Tue Apr 4 09:53:47 CST 2023
127 Tue Apr 4 09:53:48 CST 2023
127 Tue Apr 4 09:53:49 CST 2023
127 Tue Apr 4 09:53:50 CST 2023
127 Tue Apr 4 09:53:51 CST 2023
127 Tue Apr 4 09:53:52 CST 2023
127 Tue Apr 4 09:53:53 CST 2023
127 Tue Apr 4 09:53:54 CST 2023
127 Tue Apr 4 09:53:55 CST 2023
127 Tue Apr 4 09:53:57 CST 2023
127 Tue Apr 4 09:53:58 CST 2023
127 Tue Apr 4 09:53:59 CST 2023
127 Tue Apr 4 09:54:00 CST 2023
127 Tue Apr 4 09:54:01 CST 2023
127 Tue Apr 4 09:54:02 CST 2023
127 Tue Apr 4 09:54:03 CST 2023
127 Tue Apr 4 09:54:04 CST 2023
127 Tue Apr 4 09:54:05 CST 2023
127 Tue Apr 4 09:54:06 CST 2023
127 Tue Apr 4 09:54:07 CST 2023
127 Tue Apr 4 09:54:08 CST 2023
127 Tue Apr 4 09:54:09 CST 2023
127 Tue Apr 4 09:54:10 CST 2023
127 Tue Apr 4 09:54:11 CST 2023
127 Tue Apr 4 09:54:12 CST 2023
127 Tue Apr 4 09:54:13 CST 2023
127 Tue Apr 4 09:54:14 CST 2023
127 Tue Apr 4 09:54:15 CST 2023
127 Tue Apr 4 09:54:16 CST 2023
127 Tue Apr 4 09:54:17 CST 2023
127 Tue Apr 4 09:54:18 CST 2023
127 Tue Apr 4 09:54:19 CST 2023
127 Tue Apr 4 09:54:20 CST 2023
127 Tue Apr 4 09:54:21 CST 2023
127 Tue Apr 4 09:54:22 CST 2023
127 Tue Apr 4 09:54:23 CST 2023
127 Tue Apr 4 09:54:24 CST 2023
127 Tue Apr 4 09:54:25 CST 2023
127 Tue Apr 4 09:54:26 CST 2023
127 Tue Apr 4 09:54:27 CST 2023
127 Tue Apr 4 09:54:28 CST 2023
127 Tue Apr 4 09:54:29 CST 2023
127 Tue Apr 4 09:54:30 CST 2023
127 Tue Apr 4 09:54:31 CST 2023
127 Tue Apr 4 09:54:32 CST 2023
127 Tue Apr 4 09:54:33 CST 2023
127 Tue Apr 4 09:54:34 CST 2023
127 Tue Apr 4 09:54:35 CST 2023
127 Tue Apr 4 09:54:36 CST 2023
127 Tue Apr 4 09:54:38 CST 2023
127 Tue Apr 4 09:54:39 CST 2023
127 Tue Apr 4 09:54:40 CST 2023
127 Tue Apr 4 09:54:41 CST 2023
127 Tue Apr 4 09:54:42 CST 2023
127 Tue Apr 4 09:54:43 CST 2023
127 Tue Apr 4 09:54:44 CST 2023
127 Tue Apr 4 09:54:45 CST 2023
127 Tue Apr 4 09:54:46 CST 2023
127 Tue Apr 4 09:54:47 CST 2023
127 Tue Apr 4 09:54:48 CST 2023
127 Tue Apr 4 09:54:49 CST 2023
127 Tue Apr 4 09:54:50 CST 2023
127 Tue Apr 4 09:54:51 CST 2023
127 Tue Apr 4 09:54:52 CST 2023
127 Tue Apr 4 09:54:53 CST 2023
127 Tue Apr 4 09:54:54 CST 2023
127 Tue Apr 4 09:54:55 CST 2023
127 Tue Apr 4 09:54:56 CST 2023
127 Tue Apr 4 09:54:57 CST 2023
127 Tue Apr 4 09:54:58 CST 2023
127 Tue Apr 4 09:54:59 CST 2023
127 Tue Apr 4 09:55:00 CST 2023
127 Tue Apr 4 09:55:01 CST 2023
127 Tue Apr 4 09:55:02 CST 2023
127 Tue Apr 4 09:55:03 CST 2023
127 Tue Apr 4 09:55:04 CST 2023
127 Tue Apr 4 09:55:05 CST 2023
127 Tue Apr 4 09:55:06 CST 2023
127 Tue Apr 4 09:55:07 CST 2023
127 Tue Apr 4 09:55:08 CST 2023
127 Tue Apr 4 09:55:09 CST 2023
127 Tue Apr 4 09:55:10 CST 2023
127 Tue Apr 4 09:55:11 CST 2023
127 Tue Apr 4 09:55:12 CST 2023
127 Tue Apr 4 09:55:13 CST 2023
127 Tue Apr 4 09:55:14 CST 2023
127 Tue Apr 4 09:55:15 CST 2023
127 Tue Apr 4 09:55:16 CST 2023
127 Tue Apr 4 09:55:17 CST 2023
127 Tue Apr 4 09:55:18 CST 2023
127 Tue Apr 4 09:55:19 CST 2023
127 Tue Apr 4 09:55:21 CST 2023
127 Tue Apr 4 09:55:22 CST 2023
127 Tue Apr 4 09:55:23 CST 2023
127 Tue Apr 4 09:55:24 CST 2023
127 Tue Apr 4 09:55:25 CST 2023
127 Tue Apr 4 09:55:26 CST 2023
127 Tue Apr 4 09:55:27 CST 2023
127 Tue Apr 4 09:55:28 CST 2023
127 Tue Apr 4 09:55:29 CST 2023
127 Tue Apr 4 09:55:30 CST 2023
127 Tue Apr 4 09:55:31 CST 2023
127 Tue Apr 4 09:55:32 CST 2023
127 Tue Apr 4 09:55:33 CST 2023
127 Tue Apr 4 09:55:34 CST 2023
127 Tue Apr 4 09:55:35 CST 2023
127 Tue Apr 4 09:55:36 CST 2023
127 Tue Apr 4 09:55:37 CST 2023
127 Tue Apr 4 09:55:38 CST 2023
127 Tue Apr 4 09:55:39 CST 2023
127 Tue Apr 4 09:55:40 CST 2023
127 Tue Apr 4 09:55:41 CST 2023
127 Tue Apr 4 09:55:42 CST 2023
127 Tue Apr 4 09:55:43 CST 2023
127 Tue Apr 4 09:55:44 CST 2023
127 Tue Apr 4 09:55:45 CST 2023
127 Tue Apr 4 09:55:46 CST 2023
127 Tue Apr 4 09:55:47 CST 2023
127 Tue Apr 4 09:55:48 CST 2023
127 Tue Apr 4 09:55:49 CST 2023
127 Tue Apr 4 09:55:50 CST 2023
127 Tue Apr 4 09:55:51 CST 2023
127 Tue Apr 4 09:55:52 CST 2023
127 Tue Apr 4 09:55:53 CST 2023
127 Tue Apr 4 09:55:54 CST 2023
127 Tue Apr 4 09:55:55 CST 2023
127 Tue Apr 4 09:55:56 CST 2023
127 Tue Apr 4 09:55:57 CST 2023
127 Tue Apr 4 09:55:58 CST 2023
127 Tue Apr 4 09:55:59 CST 2023
127 Tue Apr 4 09:56:00 CST 2023
127 Tue Apr 4 09:56:01 CST 2023
127 Tue Apr 4 09:56:03 CST 2023
127 Tue Apr 4 09:56:04 CST 2023
127 Tue Apr 4 09:56:05 CST 2023
127 Tue Apr 4 09:56:06 CST 2023
127 Tue Apr 4 09:56:07 CST 2023
127 Tue Apr 4 09:56:08 CST 2023
127 Tue Apr 4 09:56:09 CST 2023
127 Tue Apr 4 09:56:10 CST 2023
127 Tue Apr 4 09:56:11 CST 2023
127 Tue Apr 4 09:56:12 CST 2023
127 Tue Apr 4 09:56:13 CST 2023
127 Tue Apr 4 09:56:14 CST 2023
127 Tue Apr 4 09:56:15 CST 2023
127 Tue Apr 4 09:56:16 CST 2023
127 Tue Apr 4 09:56:17 CST 2023
127 Tue Apr 4 09:56:18 CST 2023
127 Tue Apr 4 09:56:19 CST 2023
127 Tue Apr 4 09:56:20 CST 2023
127 Tue Apr 4 09:56:21 CST 2023
127 Tue Apr 4 09:56:22 CST 2023
127 Tue Apr 4 09:56:23 CST 2023
127 Tue Apr 4 09:56:24 CST 2023
127 Tue Apr 4 09:56:25 CST 2023
127 Tue Apr 4 09:56:26 CST 2023
127 Tue Apr 4 09:56:27 CST 2023
127 Tue Apr 4 09:56:28 CST 2023
127 Tue Apr 4 09:56:29 CST 2023
127 Tue Apr 4 09:56:30 CST 2023
127 Tue Apr 4 09:56:31 CST 2023
127 Tue Apr 4 09:56:32 CST 2023
127 Tue Apr 4 09:56:33 CST 2023
127 Tue Apr 4 09:56:34 CST 2023
127 Tue Apr 4 09:56:35 CST 2023
127 Tue Apr 4 09:56:36 CST 2023
127 Tue Apr 4 09:56:37 CST 2023
127 Tue Apr 4 09:56:38 CST 2023
127 Tue Apr 4 09:56:39 CST 2023
127 Tue Apr 4 09:56:40 CST 2023
127 Tue Apr 4 09:56:41 CST 2023
127 Tue Apr 4 09:56:42 CST 2023
127 Tue Apr 4 09:56:43 CST 2023
127 Tue Apr 4 09:56:45 CST 2023
127 Tue Apr 4 09:56:46 CST 2023
127 Tue Apr 4 09:56:47 CST 2023
127 Tue Apr 4 09:56:48 CST 2023
255 Tue Apr 4 09:57:12 CST 2023
test
0 Tue Apr 4 10:02:49 CST 2023
test
0 Tue Apr 4 10:08:30 CST 2023
test
0 Tue Apr 4 10:13:38 CST 2023
test
0 Tue Apr 4 10:19:15 CST 2023
test
0 Tue Apr 4 10:24:55 CST 2023
test
0 Tue Apr 4 10:30:04 CST 2023
test
0 Tue Apr 4 10:35:52 CST 2023
test
0 Tue Apr 4 10:41:35 CST 2023
test
0 Tue Apr 4 10:46:42 CST 2023
test
0 Tue Apr 4 10:52:20 CST 2023
test
0 Tue Apr 4 10:57:59 CST 2023
test
0 Tue Apr 4 11:03:38 CST 2023
test
0 Tue Apr 4 11:09:16 CST 2023
test
0 Tue Apr 4 11:14:51 CST 2023
test
0 Tue Apr 4 11:20:28 CST 2023
test
0 Tue Apr 4 11:26:13 CST 2023
test
0 Tue Apr 4 11:31:47 CST 2023
test
0 Tue Apr 4 11:37:35 CST 2023
test
0 Tue Apr 4 11:43:10 CST 2023
test
0 Tue Apr 4 11:48:24 CST 2023
test
0 Tue Apr 4 11:54:03 CST 2023
test
0 Tue Apr 4 11:59:46 CST 2023
test
0 Tue Apr 4 12:05:46 CST 2023
test
0 Tue Apr 4 12:11:06 CST 2023
test
0 Tue Apr 4 12:15:41 CST 2023
test
0 Tue Apr 4 12:21:19 CST 2023
test
0 Tue Apr 4 12:26:50 CST 2023
test
0 Tue Apr 4 12:31:49 CST 2023
test
0 Tue Apr 4 12:37:38 CST 2023
test
0 Tue Apr 4 12:43:13 CST 2023
test
0 Tue Apr 4 12:49:06 CST 2023
test
0 Tue Apr 4 12:54:30 CST 2023
test
0 Tue Apr 4 12:59:52 CST 2023
test
0 Tue Apr 4 13:05:28 CST 2023
test
0 Tue Apr 4 13:10:57 CST 2023
test
0 Tue Apr 4 13:16:53 CST 2023
test
0 Tue Apr 4 13:22:34 CST 2023
test
0 Tue Apr 4 13:28:16 CST 2023
test
0 Tue Apr 4 13:33:46 CST 2023
test
0 Tue Apr 4 13:39:00 CST 2023
test
0 Tue Apr 4 13:44:37 CST 2023
test
0 Tue Apr 4 13:50:05 CST 2023
test
0 Tue Apr 4 13:55:46 CST 2023
test
0 Tue Apr 4 14:01:19 CST 2023
test
0 Tue Apr 4 14:06:44 CST 2023
test
0 Tue Apr 4 14:12:00 CST 2023
test
0 Tue Apr 4 14:17:45 CST 2023
test
0 Tue Apr 4 14:23:21 CST 2023
test
0 Tue Apr 4 14:28:59 CST 2023
test
0 Tue Apr 4 14:34:22 CST 2023
test
0 Tue Apr 4 14:39:51 CST 2023
test
0 Tue Apr 4 14:45:28 CST 2023
test
0 Tue Apr 4 14:51:10 CST 2023
test
0 Tue Apr 4 14:56:55 CST 2023
test
0 Tue Apr 4 15:02:23 CST 2023
test
0 Tue Apr 4 15:08:13 CST 2023
test
0 Tue Apr 4 15:14:01 CST 2023
test
0 Tue Apr 4 15:19:44 CST 2023
test
0 Tue Apr 4 15:24:51 CST 2023
test
0 Tue Apr 4 15:30:39 CST 2023
test
0 Tue Apr 4 15:36:20 CST 2023
test
0 Tue Apr 4 15:42:07 CST 2023
test
0 Tue Apr 4 15:47:43 CST 2023
test
0 Tue Apr 4 15:53:27 CST 2023
test
0 Tue Apr 4 15:59:07 CST 2023
test
0 Tue Apr 4 16:04:37 CST 2023
test
0 Tue Apr 4 16:10:14 CST 2023
test
0 Tue Apr 4 16:15:49 CST 2023
test
0 Tue Apr 4 16:21:34 CST 2023
test
0 Tue Apr 4 16:27:08 CST 2023
test
0 Tue Apr 4 16:32:46 CST 2023
test
0 Tue Apr 4 16:38:33 CST 2023
test
0 Tue Apr 4 16:43:51 CST 2023
test
0 Tue Apr 4 16:48:55 CST 2023
255 Tue Apr 4 16:54:56 CST 2023
255 Tue Apr 4 17:00:57 CST 2023
255 Tue Apr 4 17:06:59 CST 2023
255 Tue Apr 4 17:13:00 CST 2023
255 Tue Apr 4 17:19:01 CST 2023
255 Tue Apr 4 17:25:02 CST 2023
255 Tue Apr 4 17:31:03 CST 2023
255 Tue Apr 4 17:37:04 CST 2023
255 Tue Apr 4 17:43:05 CST 2023
255 Tue Apr 4 17:49:06 CST 2023
255 Tue Apr 4 17:55:07 CST 2023
255 Tue Apr 4 18:01:08 CST 2023
255 Tue Apr 4 18:07:09 CST 2023
255 Tue Apr 4 18:08:52 CST 2023
255 Tue Apr 4 18:09:41 CST 2023
test
0 Tue Apr 4 18:15:18 CST 2023
test
0 Tue Apr 4 18:21:05 CST 2023
test
0 Tue Apr 4 18:27:06 CST 2023
test
0 Tue Apr 4 18:32:47 CST 2023
test
0 Tue Apr 4 18:37:52 CST 2023
test
0 Tue Apr 4 18:43:01 CST 2023
test
0 Tue Apr 4 18:48:39 CST 2023
test
0 Tue Apr 4 18:54:02 CST 2023
test
0 Tue Apr 4 18:59:30 CST 2023
test
0 Tue Apr 4 19:04:31 CST 2023
test
0 Tue Apr 4 19:10:14 CST 2023
test
0 Tue Apr 4 19:16:02 CST 2023
test
0 Tue Apr 4 19:21:47 CST 2023
test
0 Tue Apr 4 19:27:07 CST 2023
test
0 Tue Apr 4 19:32:51 CST 2023
test
0 Tue Apr 4 19:38:21 CST 2023
test
0 Tue Apr 4 19:44:01 CST 2023
test
0 Tue Apr 4 19:49:47 CST 2023
test
0 Tue Apr 4 19:55:17 CST 2023
test
0 Tue Apr 4 20:00:58 CST 2023
test
0 Tue Apr 4 20:06:39 CST 2023
test
255 Tue Apr 4 20:12:40 CST 2023
test
255 Tue Apr 4 20:18:41 CST 2023
test
0 Tue Apr 4 20:24:29 CST 2023
test
0 Tue Apr 4 20:30:00 CST 2023
test
0 Tue Apr 4 20:35:42 CST 2023
test
0 Tue Apr 4 20:41:17 CST 2023
test
0 Tue Apr 4 20:46:53 CST 2023
test
0 Tue Apr 4 20:52:12 CST 2023
test
0 Tue Apr 4 20:57:25 CST 2023
test
0 Tue Apr 4 21:03:10 CST 2023
test
0 Tue Apr 4 21:08:48 CST 2023
test
0 Tue Apr 4 21:14:26 CST 2023
test
0 Tue Apr 4 21:20:15 CST 2023
test
0 Tue Apr 4 21:26:11 CST 2023
test
0 Tue Apr 4 21:31:46 CST 2023
test
0 Tue Apr 4 21:37:24 CST 2023
test
0 Tue Apr 4 21:43:05 CST 2023
test
0 Tue Apr 4 21:48:32 CST 2023
test
0 Tue Apr 4 21:54:18 CST 2023
test
0 Tue Apr 4 21:59:56 CST 2023
test
0 Tue Apr 4 22:05:34 CST 2023
test
0 Tue Apr 4 22:10:45 CST 2023
test
0 Tue Apr 4 22:16:11 CST 2023
test
0 Tue Apr 4 22:21:42 CST 2023
test
0 Tue Apr 4 22:27:23 CST 2023
test
0 Tue Apr 4 22:33:07 CST 2023
test
0 Tue Apr 4 22:38:37 CST 2023
test
0 Tue Apr 4 22:43:24 CST 2023
test
0 Tue Apr 4 22:48:53 CST 2023
test
0 Tue Apr 4 22:53:55 CST 2023
test
0 Tue Apr 4 22:58:58 CST 2023
test
0 Tue Apr 4 23:04:42 CST 2023
test
0 Tue Apr 4 23:10:12 CST 2023
test
0 Tue Apr 4 23:15:32 CST 2023
test
0 Tue Apr 4 23:21:10 CST 2023
test
0 Tue Apr 4 23:26:42 CST 2023
test
0 Tue Apr 4 23:32:26 CST 2023
test
0 Tue Apr 4 23:38:01 CST 2023
test
0 Tue Apr 4 23:43:09 CST 2023
test
0 Tue Apr 4 23:48:37 CST 2023
test
0 Tue Apr 4 23:53:35 CST 2023
test
0 Tue Apr 4 23:58:36 CST 2023
test
0 Wed Apr 5 00:04:18 CST 2023
test
0 Wed Apr 5 00:09:54 CST 2023
test
0 Wed Apr 5 00:15:39 CST 2023
test
0 Wed Apr 5 00:21:07 CST 2023
test
0 Wed Apr 5 00:26:31 CST 2023
test
0 Wed Apr 5 00:32:04 CST 2023
test
0 Wed Apr 5 00:37:32 CST 2023
test
0 Wed Apr 5 00:43:10 CST 2023
test
0 Wed Apr 5 00:48:48 CST 2023
test
0 Wed Apr 5 00:54:12 CST 2023
test
0 Wed Apr 5 00:59:46 CST 2023
test
0 Wed Apr 5 01:05:28 CST 2023
test
0 Wed Apr 5 01:10:58 CST 2023
test
0 Wed Apr 5 01:16:38 CST 2023
test
0 Wed Apr 5 01:22:27 CST 2023
test
0 Wed Apr 5 01:27:59 CST 2023
test
0 Wed Apr 5 01:33:25 CST 2023
test
0 Wed Apr 5 01:38:59 CST 2023
test
0 Wed Apr 5 01:44:47 CST 2023
test
0 Wed Apr 5 01:49:59 CST 2023
test
0 Wed Apr 5 01:55:23 CST 2023
test
0 Wed Apr 5 02:00:59 CST 2023
test
0 Wed Apr 5 02:06:39 CST 2023
test
0 Wed Apr 5 02:12:13 CST 2023
test
0 Wed Apr 5 02:17:14 CST 2023
test
0 Wed Apr 5 02:22:31 CST 2023
test
0 Wed Apr 5 02:27:36 CST 2023
test
0 Wed Apr 5 02:33:16 CST 2023
test
0 Wed Apr 5 02:38:26 CST 2023
test
0 Wed Apr 5 02:44:04 CST 2023
test
0 Wed Apr 5 02:49:53 CST 2023
test
0 Wed Apr 5 02:55:21 CST 2023
test
0 Wed Apr 5 03:00:47 CST 2023
test
0 Wed Apr 5 03:06:47 CST 2023
test
0 Wed Apr 5 03:12:26 CST 2023
test
0 Wed Apr 5 03:18:09 CST 2023
test
0 Wed Apr 5 03:23:53 CST 2023
test
0 Wed Apr 5 03:28:58 CST 2023
test
0 Wed Apr 5 03:34:32 CST 2023
test
0 Wed Apr 5 03:40:10 CST 2023
test
0 Wed Apr 5 03:45:50 CST 2023
test
0 Wed Apr 5 03:51:38 CST 2023
test
0 Wed Apr 5 03:57:11 CST 2023
test
0 Wed Apr 5 04:02:47 CST 2023
test
0 Wed Apr 5 04:08:29 CST 2023
test
0 Wed Apr 5 04:14:09 CST 2023
test
0 Wed Apr 5 04:19:28 CST 2023
test
0 Wed Apr 5 04:23:58 CST 2023
test
0 Wed Apr 5 04:29:56 CST 2023
test
0 Wed Apr 5 04:35:34 CST 2023
test
0 Wed Apr 5 04:41:12 CST 2023
test
0 Wed Apr 5 04:46:55 CST 2023
test
0 Wed Apr 5 04:52:33 CST 2023
test
0 Wed Apr 5 04:58:17 CST 2023
test
0 Wed Apr 5 05:03:55 CST 2023
test
0 Wed Apr 5 05:09:37 CST 2023
test
0 Wed Apr 5 05:15:15 CST 2023
test
0 Wed Apr 5 05:20:58 CST 2023
test
0 Wed Apr 5 05:26:40 CST 2023
test
0 Wed Apr 5 05:31:45 CST 2023
test
0 Wed Apr 5 05:37:31 CST 2023
test
0 Wed Apr 5 05:43:13 CST 2023
test
0 Wed Apr 5 05:48:53 CST 2023
test
0 Wed Apr 5 05:54:32 CST 2023
test
0 Wed Apr 5 05:59:46 CST 2023
test
0 Wed Apr 5 06:05:32 CST 2023
test
0 Wed Apr 5 06:11:15 CST 2023
test
0 Wed Apr 5 06:16:52 CST 2023
test
0 Wed Apr 5 06:20:04 CST 2023
test
0 Wed Apr 5 06:25:32 CST 2023
test
0 Wed Apr 5 06:31:14 CST 2023
test
0 Wed Apr 5 06:36:22 CST 2023
test
0 Wed Apr 5 06:41:31 CST 2023
test
0 Wed Apr 5 06:46:47 CST 2023
test
0 Wed Apr 5 06:52:28 CST 2023
test
0 Wed Apr 5 06:57:46 CST 2023
test
0 Wed Apr 5 07:03:24 CST 2023
test
0 Wed Apr 5 07:08:31 CST 2023
test
0 Wed Apr 5 07:14:10 CST 2023
test
0 Wed Apr 5 07:19:49 CST 2023
test
0 Wed Apr 5 07:24:50 CST 2023
test
0 Wed Apr 5 07:30:04 CST 2023
test
0 Wed Apr 5 07:35:15 CST 2023
test
0 Wed Apr 5 07:40:53 CST 2023
test
0 Wed Apr 5 07:45:16 CST 2023
test
0 Wed Apr 5 07:50:34 CST 2023
test
0 Wed Apr 5 07:55:39 CST 2023
test
0 Wed Apr 5 08:01:16 CST 2023
test
0 Wed Apr 5 08:06:56 CST 2023
test
0 Wed Apr 5 08:12:10 CST 2023
test
0 Wed Apr 5 08:17:55 CST 2023
test
0 Wed Apr 5 08:23:35 CST 2023
test
0 Wed Apr 5 08:29:07 CST 2023
test
0 Wed Apr 5 08:34:36 CST 2023
test
0 Wed Apr 5 08:39:45 CST 2023
test
0 Wed Apr 5 08:45:32 CST 2023
test
0 Wed Apr 5 08:51:19 CST 2023
test
0 Wed Apr 5 08:56:58 CST 2023
test
0 Wed Apr 5 09:02:30 CST 2023
test
0 Wed Apr 5 09:08:10 CST 2023
test
0 Wed Apr 5 09:14:02 CST 2023
test
0 Wed Apr 5 09:19:29 CST 2023
test
0 Wed Apr 5 09:24:47 CST 2023
test
0 Wed Apr 5 09:30:31 CST 2023
test
0 Wed Apr 5 09:36:09 CST 2023
test
0 Wed Apr 5 09:41:17 CST 2023
test
0 Wed Apr 5 09:46:59 CST 2023
test
0 Wed Apr 5 09:52:33 CST 2023
test
0 Wed Apr 5 09:57:34 CST 2023
test
0 Wed Apr 5 10:03:09 CST 2023
test
0 Wed Apr 5 10:08:16 CST 2023
test
0 Wed Apr 5 10:13:40 CST 2023
test
0 Wed Apr 5 10:19:06 CST 2023
test
0 Wed Apr 5 10:24:55 CST 2023
test
0 Wed Apr 5 10:30:34 CST 2023
test
0 Wed Apr 5 10:35:37 CST 2023
test
0 Wed Apr 5 10:41:17 CST 2023
test
0 Wed Apr 5 10:46:51 CST 2023
test
0 Wed Apr 5 10:52:27 CST 2023
test
0 Wed Apr 5 10:58:16 CST 2023
test
0 Wed Apr 5 11:03:34 CST 2023
test
0 Wed Apr 5 11:09:17 CST 2023
test
0 Wed Apr 5 11:14:26 CST 2023
test
0 Wed Apr 5 11:19:56 CST 2023
test
0 Wed Apr 5 11:24:45 CST 2023
test
0 Wed Apr 5 11:30:29 CST 2023
test
0 Wed Apr 5 11:36:15 CST 2023
test
0 Wed Apr 5 11:41:53 CST 2023
test
0 Wed Apr 5 11:47:13 CST 2023
test
0 Wed Apr 5 11:53:01 CST 2023
test
0 Wed Apr 5 11:58:45 CST 2023
test
0 Wed Apr 5 12:04:41 CST 2023
test
0 Wed Apr 5 12:10:35 CST 2023
test
0 Wed Apr 5 12:15:55 CST 2023
test
0 Wed Apr 5 12:21:41 CST 2023
test
0 Wed Apr 5 12:27:10 CST 2023
test
0 Wed Apr 5 12:32:38 CST 2023
test
0 Wed Apr 5 12:38:30 CST 2023
test
0 Wed Apr 5 12:43:17 CST 2023
test
0 Wed Apr 5 12:49:01 CST 2023
test
0 Wed Apr 5 12:54:35 CST 2023
test
0 Wed Apr 5 12:59:55 CST 2023
test
0 Wed Apr 5 13:05:00 CST 2023
test
0 Wed Apr 5 13:10:36 CST 2023
test
0 Wed Apr 5 13:16:15 CST 2023
test
0 Wed Apr 5 13:21:55 CST 2023
test
0 Wed Apr 5 13:26:43 CST 2023
test
0 Wed Apr 5 13:31:49 CST 2023
test
0 Wed Apr 5 13:37:20 CST 2023
test
0 Wed Apr 5 13:42:34 CST 2023
test
0 Wed Apr 5 13:47:31 CST 2023
test
0 Wed Apr 5 13:53:05 CST 2023
test
0 Wed Apr 5 13:58:23 CST 2023
test
0 Wed Apr 5 14:03:51 CST 2023
test
0 Wed Apr 5 14:09:29 CST 2023
test
0 Wed Apr 5 14:14:46 CST 2023
test
0 Wed Apr 5 14:19:21 CST 2023
test
0 Wed Apr 5 14:25:07 CST 2023
test
0 Wed Apr 5 14:30:49 CST 2023
test
0 Wed Apr 5 14:36:19 CST 2023
test
0 Wed Apr 5 14:41:51 CST 2023
test
0 Wed Apr 5 14:47:29 CST 2023
test
0 Wed Apr 5 14:53:11 CST 2023
test
0 Wed Apr 5 14:58:40 CST 2023
test
0 Wed Apr 5 15:04:33 CST 2023
test
0 Wed Apr 5 15:10:11 CST 2023
test
0 Wed Apr 5 15:15:32 CST 2023
test
0 Wed Apr 5 15:21:04 CST 2023
test
0 Wed Apr 5 15:26:35 CST 2023
test
0 Wed Apr 5 15:32:17 CST 2023
test
0 Wed Apr 5 15:37:55 CST 2023
test
0 Wed Apr 5 15:43:29 CST 2023
test
0 Wed Apr 5 15:48:45 CST 2023
test
0 Wed Apr 5 15:54:23 CST 2023
test
0 Wed Apr 5 16:00:03 CST 2023
test
0 Wed Apr 5 16:05:57 CST 2023
test
0 Wed Apr 5 16:11:31 CST 2023
test
0 Wed Apr 5 16:17:08 CST 2023
test
0 Wed Apr 5 16:22:50 CST 2023
test
0 Wed Apr 5 16:28:04 CST 2023
test
0 Wed Apr 5 16:33:20 CST 2023
test
0 Wed Apr 5 16:39:12 CST 2023
test
0 Wed Apr 5 16:44:40 CST 2023
test
0 Wed Apr 5 16:50:14 CST 2023
test
0 Wed Apr 5 16:55:52 CST 2023
test
0 Wed Apr 5 17:01:26 CST 2023
test
0 Wed Apr 5 17:07:02 CST 2023
test
0 Wed Apr 5 17:12:08 CST 2023
test
0 Wed Apr 5 17:17:43 CST 2023
test
0 Wed Apr 5 17:23:25 CST 2023
test
0 Wed Apr 5 17:28:32 CST 2023
test
0 Wed Apr 5 17:33:58 CST 2023
test
0 Wed Apr 5 17:39:31 CST 2023
test
0 Wed Apr 5 17:45:05 CST 2023
test
0 Wed Apr 5 17:50:47 CST 2023
test
0 Wed Apr 5 17:56:19 CST 2023
test
0 Wed Apr 5 18:01:42 CST 2023
test
0 Wed Apr 5 18:07:08 CST 2023
test
0 Wed Apr 5 18:12:44 CST 2023
test
0 Wed Apr 5 18:18:15 CST 2023
test
0 Wed Apr 5 18:23:53 CST 2023
test
0 Wed Apr 5 18:29:37 CST 2023
test
0 Wed Apr 5 18:35:03 CST 2023
test
0 Wed Apr 5 18:40:13 CST 2023
test
0 Wed Apr 5 18:45:59 CST 2023
test
0 Wed Apr 5 18:51:36 CST 2023
test
0 Wed Apr 5 18:56:37 CST 2023
test
0 Wed Apr 5 19:02:05 CST 2023
test
0 Wed Apr 5 19:07:26 CST 2023
test
0 Wed Apr 5 19:12:46 CST 2023
test
0 Wed Apr 5 19:17:51 CST 2023
test
0 Wed Apr 5 19:23:30 CST 2023
test
0 Wed Apr 5 19:29:00 CST 2023
test
0 Wed Apr 5 19:34:38 CST 2023
test
0 Wed Apr 5 19:40:07 CST 2023
test
0 Wed Apr 5 19:45:33 CST 2023
test
0 Wed Apr 5 19:51:10 CST 2023
test
0 Wed Apr 5 19:56:45 CST 2023
test
0 Wed Apr 5 20:01:53 CST 2023
test
0 Wed Apr 5 20:07:35 CST 2023
test
0 Wed Apr 5 20:13:09 CST 2023
test
0 Wed Apr 5 20:18:38 CST 2023
test
0 Wed Apr 5 20:24:10 CST 2023
test
0 Wed Apr 5 20:29:44 CST 2023
test
0 Wed Apr 5 20:35:16 CST 2023
test
0 Wed Apr 5 20:41:00 CST 2023
test
0 Wed Apr 5 20:46:42 CST 2023
test
0 Wed Apr 5 20:52:08 CST 2023
test
0 Wed Apr 5 20:57:42 CST 2023
test
0 Wed Apr 5 21:03:12 CST 2023
test
0 Wed Apr 5 21:09:07 CST 2023
test
0 Wed Apr 5 21:14:39 CST 2023
test
0 Wed Apr 5 21:20:26 CST 2023
test
0 Wed Apr 5 21:25:48 CST 2023
test
0 Wed Apr 5 21:30:57 CST 2023
test
0 Wed Apr 5 21:36:38 CST 2023
test
0 Wed Apr 5 21:41:44 CST 2023
test
0 Wed Apr 5 21:47:18 CST 2023
test
0 Wed Apr 5 21:52:38 CST 2023
test
0 Wed Apr 5 21:58:08 CST 2023
test
0 Wed Apr 5 22:03:41 CST 2023
test
0 Wed Apr 5 22:09:32 CST 2023
test
0 Wed Apr 5 22:15:19 CST 2023
test
0 Wed Apr 5 22:20:49 CST 2023
test
0 Wed Apr 5 22:26:11 CST 2023
test
0 Wed Apr 5 22:31:45 CST 2023
test
0 Wed Apr 5 22:37:27 CST 2023
test
0 Wed Apr 5 22:42:59 CST 2023
test
0 Wed Apr 5 22:48:46 CST 2023
test
0 Wed Apr 5 22:54:13 CST 2023
test
0 Wed Apr 5 22:59:30 CST 2023
test
0 Wed Apr 5 23:05:10 CST 2023
test
0 Wed Apr 5 23:10:38 CST 2023
test
0 Wed Apr 5 23:15:59 CST 2023
test
0 Wed Apr 5 23:20:50 CST 2023
test
0 Wed Apr 5 23:26:33 CST 2023
test
0 Wed Apr 5 23:32:09 CST 2023
test
0 Wed Apr 5 23:37:33 CST 2023
test
0 Wed Apr 5 23:42:44 CST 2023
test
0 Wed Apr 5 23:48:19 CST 2023
test
0 Wed Apr 5 23:53:46 CST 2023
test
0 Wed Apr 5 23:59:24 CST 2023
test
0 Thu Apr 6 00:05:06 CST 2023
test
0 Thu Apr 6 00:10:09 CST 2023
test
0 Thu Apr 6 00:15:20 CST 2023
test
0 Thu Apr 6 00:21:02 CST 2023
test
0 Thu Apr 6 00:25:36 CST 2023
test
0 Thu Apr 6 00:31:02 CST 2023
test
0 Thu Apr 6 00:36:40 CST 2023
test
0 Thu Apr 6 00:42:26 CST 2023
test
0 Thu Apr 6 00:48:08 CST 2023
test
0 Thu Apr 6 00:53:38 CST 2023
test
0 Thu Apr 6 00:58:56 CST 2023
test
0 Thu Apr 6 01:04:32 CST 2023
test
0 Thu Apr 6 01:10:06 CST 2023
test
0 Thu Apr 6 01:15:36 CST 2023
test
0 Thu Apr 6 01:21:14 CST 2023
test
0 Thu Apr 6 01:26:56 CST 2023
test
0 Thu Apr 6 01:32:37 CST 2023
test
0 Thu Apr 6 01:37:55 CST 2023
test
0 Thu Apr 6 01:43:23 CST 2023
test
0 Thu Apr 6 01:48:16 CST 2023
test
0 Thu Apr 6 01:53:56 CST 2023
test
0 Thu Apr 6 01:59:03 CST 2023
test
0 Thu Apr 6 02:04:37 CST 2023
test
0 Thu Apr 6 02:09:59 CST 2023
test
0 Thu Apr 6 02:15:45 CST 2023
test
0 Thu Apr 6 02:21:18 CST 2023
test
0 Thu Apr 6 02:26:05 CST 2023
test
0 Thu Apr 6 02:30:44 CST 2023
test
0 Thu Apr 6 02:36:36 CST 2023
test
0 Thu Apr 6 02:42:26 CST 2023
test
0 Thu Apr 6 02:47:58 CST 2023
test
0 Thu Apr 6 02:53:36 CST 2023
test
0 Thu Apr 6 02:59:12 CST 2023
test
0 Thu Apr 6 03:04:30 CST 2023
test
0 Thu Apr 6 03:10:15 CST 2023
test
0 Thu Apr 6 03:15:51 CST 2023
test
0 Thu Apr 6 03:21:27 CST 2023
test
0 Thu Apr 6 03:26:44 CST 2023
test
0 Thu Apr 6 03:31:35 CST 2023
test
0 Thu Apr 6 03:37:18 CST 2023
test
0 Thu Apr 6 03:43:01 CST 2023
test
0 Thu Apr 6 03:48:45 CST 2023
test
0 Thu Apr 6 03:53:51 CST 2023
test
0 Thu Apr 6 03:59:14 CST 2023
test
0 Thu Apr 6 04:04:50 CST 2023
test
0 Thu Apr 6 04:10:28 CST 2023
test
0 Thu Apr 6 04:16:08 CST 2023
test
0 Thu Apr 6 04:21:51 CST 2023
test
0 Thu Apr 6 04:27:31 CST 2023
test
0 Thu Apr 6 04:32:37 CST 2023
test
0 Thu Apr 6 04:38:24 CST 2023
test
0 Thu Apr 6 04:43:56 CST 2023
test
0 Thu Apr 6 04:49:32 CST 2023
test
0 Thu Apr 6 04:55:12 CST 2023
test
0 Thu Apr 6 05:00:46 CST 2023
test
0 Thu Apr 6 05:06:12 CST 2023
test
0 Thu Apr 6 05:11:43 CST 2023
test
0 Thu Apr 6 05:17:17 CST 2023
test
0 Thu Apr 6 05:22:14 CST 2023
test
0 Thu Apr 6 05:27:15 CST 2023
test
0 Thu Apr 6 05:32:27 CST 2023
test
0 Thu Apr 6 05:38:04 CST 2023
test
0 Thu Apr 6 05:43:48 CST 2023
test
0 Thu Apr 6 05:49:22 CST 2023
test
0 Thu Apr 6 05:54:10 CST 2023
test
0 Thu Apr 6 05:59:09 CST 2023
test
0 Thu Apr 6 06:04:38 CST 2023
test
0 Thu Apr 6 06:10:23 CST 2023
test
0 Thu Apr 6 06:15:02 CST 2023
test
0 Thu Apr 6 06:19:26 CST 2023
test
0 Thu Apr 6 06:25:06 CST 2023
test
0 Thu Apr 6 06:30:16 CST 2023
test
0 Thu Apr 6 06:36:01 CST 2023
test
0 Thu Apr 6 06:42:01 CST 2023
test
0 Thu Apr 6 06:47:41 CST 2023
test
0 Thu Apr 6 06:53:07 CST 2023
test
0 Thu Apr 6 06:58:59 CST 2023
test
0 Thu Apr 6 07:04:34 CST 2023
test
0 Thu Apr 6 07:09:58 CST 2023
test
0 Thu Apr 6 07:15:34 CST 2023
test
0 Thu Apr 6 07:21:20 CST 2023
test
0 Thu Apr 6 07:26:57 CST 2023
test
0 Thu Apr 6 07:32:29 CST 2023
test
0 Thu Apr 6 07:37:14 CST 2023
test
0 Thu Apr 6 07:42:43 CST 2023
test
0 Thu Apr 6 07:48:15 CST 2023
test
0 Thu Apr 6 07:53:57 CST 2023
test
0 Thu Apr 6 07:59:33 CST 2023
test
0 Thu Apr 6 08:05:02 CST 2023
test
0 Thu Apr 6 08:10:32 CST 2023
test
0 Thu Apr 6 08:16:06 CST 2023
test
0 Thu Apr 6 08:20:48 CST 2023
test
0 Thu Apr 6 08:26:24 CST 2023
test
0 Thu Apr 6 08:31:58 CST 2023
test
0 Thu Apr 6 08:37:42 CST 2023
test
0 Thu Apr 6 08:43:08 CST 2023
test
0 Thu Apr 6 08:48:55 CST 2023
test
0 Thu Apr 6 08:54:37 CST 2023
test
0 Thu Apr 6 08:59:57 CST 2023
test
0 Thu Apr 6 09:05:35 CST 2023
test
0 Thu Apr 6 09:11:27 CST 2023
test
0 Thu Apr 6 09:16:45 CST 2023
test
0 Thu Apr 6 09:22:23 CST 2023
test
0 Thu Apr 6 09:27:39 CST 2023
test
0 Thu Apr 6 09:33:01 CST 2023
test
0 Thu Apr 6 09:38:01 CST 2023
test
0 Thu Apr 6 09:43:47 CST 2023
test
0 Thu Apr 6 09:49:00 CST 2023
test
0 Thu Apr 6 09:54:38 CST 2023
test
0 Thu Apr 6 10:00:09 CST 2023
test
0 Thu Apr 6 10:05:45 CST 2023
test
0 Thu Apr 6 10:11:24 CST 2023
test
0 Thu Apr 6 10:17:07 CST 2023
test
0 Thu Apr 6 10:22:45 CST 2023
test
0 Thu Apr 6 10:27:52 CST 2023
test
0 Thu Apr 6 10:33:44 CST 2023
test
0 Thu Apr 6 10:39:33 CST 2023
test
0 Thu Apr 6 10:45:21 CST 2023
test
0 Thu Apr 6 10:50:55 CST 2023
test
0 Thu Apr 6 10:56:41 CST 2023
test
0 Thu Apr 6 11:02:20 CST 2023
test
0 Thu Apr 6 11:07:56 CST 2023
test
0 Thu Apr 6 11:13:27 CST 2023
test
0 Thu Apr 6 11:19:14 CST 2023
test
0 Thu Apr 6 11:24:49 CST 2023
test
0 Thu Apr 6 11:30:02 CST 2023
test
0 Thu Apr 6 11:35:27 CST 2023
test
0 Thu Apr 6 11:40:21 CST 2023
test
0 Thu Apr 6 11:45:50 CST 2023
test
0 Thu Apr 6 11:51:30 CST 2023
test
0 Thu Apr 6 11:57:02 CST 2023
test
0 Thu Apr 6 12:02:12 CST 2023
test
0 Thu Apr 6 12:07:45 CST 2023
test
0 Thu Apr 6 12:12:57 CST 2023
test
0 Thu Apr 6 12:17:47 CST 2023
test
0 Thu Apr 6 12:23:27 CST 2023
test
0 Thu Apr 6 12:28:36 CST 2023
test
0 Thu Apr 6 12:34:12 CST 2023
test
0 Thu Apr 6 12:40:05 CST 2023
test
0 Thu Apr 6 12:45:51 CST 2023
test
0 Thu Apr 6 12:51:32 CST 2023
test
0 Thu Apr 6 12:57:03 CST 2023
test
0 Thu Apr 6 13:02:33 CST 2023
test
0 Thu Apr 6 13:07:40 CST 2023
test
0 Thu Apr 6 13:13:06 CST 2023
test
0 Thu Apr 6 13:17:53 CST 2023
test
0 Thu Apr 6 13:23:29 CST 2023
test
0 Thu Apr 6 13:28:34 CST 2023
test
0 Thu Apr 6 13:34:02 CST 2023
test
0 Thu Apr 6 13:39:38 CST 2023
test
0 Thu Apr 6 13:45:06 CST 2023
test
0 Thu Apr 6 13:50:25 CST 2023
test
0 Thu Apr 6 13:55:30 CST 2023
test
0 Thu Apr 6 14:00:11 CST 2023
test
0 Thu Apr 6 14:05:12 CST 2023
test
0 Thu Apr 6 14:10:50 CST 2023
test
0 Thu Apr 6 14:16:48 CST 2023
test
0 Thu Apr 6 14:21:50 CST 2023
test
0 Thu Apr 6 14:27:21 CST 2023
test
0 Thu Apr 6 14:33:07 CST 2023
test
0 Thu Apr 6 14:38:44 CST 2023
test
0 Thu Apr 6 14:44:16 CST 2023
test
0 Thu Apr 6 14:49:56 CST 2023
test
0 Thu Apr 6 14:55:28 CST 2023
test
0 Thu Apr 6 15:01:14 CST 2023
test
0 Thu Apr 6 15:07:09 CST 2023
test
0 Thu Apr 6 15:12:10 CST 2023
test
0 Thu Apr 6 15:17:26 CST 2023
test
0 Thu Apr 6 15:23:07 CST 2023
test
0 Thu Apr 6 15:28:23 CST 2023
test
0 Thu Apr 6 15:33:18 CST 2023
test
0 Thu Apr 6 15:39:02 CST 2023
test
0 Thu Apr 6 15:44:30 CST 2023
test
0 Thu Apr 6 15:50:10 CST 2023
test
0 Thu Apr 6 15:55:49 CST 2023
test
0 Thu Apr 6 16:00:55 CST 2023
test
0 Thu Apr 6 16:06:33 CST 2023
test
0 Thu Apr 6 16:11:55 CST 2023
test
0 Thu Apr 6 16:17:42 CST 2023
test
0 Thu Apr 6 16:23:24 CST 2023
test
0 Thu Apr 6 16:29:03 CST 2023
test
0 Thu Apr 6 16:34:37 CST 2023
test
0 Thu Apr 6 16:40:15 CST 2023
test
0 Thu Apr 6 16:46:03 CST 2023
test
0 Thu Apr 6 16:51:33 CST 2023
test
0 Thu Apr 6 16:57:21 CST 2023
test
0 Thu Apr 6 17:03:02 CST 2023
test
0 Thu Apr 6 17:08:43 CST 2023
test
0 Thu Apr 6 17:14:46 CST 2023
test
0 Thu Apr 6 17:20:33 CST 2023
test
0 Thu Apr 6 17:26:11 CST 2023
test
0 Thu Apr 6 17:31:40 CST 2023
test
0 Thu Apr 6 17:37:16 CST 2023
test
0 Thu Apr 6 17:42:59 CST 2023
test
0 Thu Apr 6 17:47:50 CST 2023
test
0 Thu Apr 6 17:53:42 CST 2023
test
0 Thu Apr 6 17:59:07 CST 2023
test
0 Thu Apr 6 18:04:10 CST 2023
test
0 Thu Apr 6 18:09:19 CST 2023
test
0 Thu Apr 6 18:15:09 CST 2023
test
0 Thu Apr 6 18:20:45 CST 2023
test
0 Thu Apr 6 18:26:08 CST 2023
test
0 Thu Apr 6 18:31:51 CST 2023
test
0 Thu Apr 6 18:37:04 CST 2023
test
0 Thu Apr 6 18:42:43 CST 2023
test
0 Thu Apr 6 18:48:25 CST 2023
test
0 Thu Apr 6 18:53:43 CST 2023
test
0 Thu Apr 6 18:58:51 CST 2023
test
0 Thu Apr 6 19:04:13 CST 2023
test
0 Thu Apr 6 19:09:53 CST 2023
test
0 Thu Apr 6 19:15:36 CST 2023
test
0 Thu Apr 6 19:21:22 CST 2023
test
0 Thu Apr 6 19:27:21 CST 2023
test
0 Thu Apr 6 19:33:05 CST 2023
test
0 Thu Apr 6 19:38:49 CST 2023
test
0 Thu Apr 6 19:43:50 CST 2023
test
0 Thu Apr 6 19:49:30 CST 2023
test
0 Thu Apr 6 19:55:12 CST 2023
test
0 Thu Apr 6 20:00:44 CST 2023
test
0 Thu Apr 6 20:06:40 CST 2023
test
0 Thu Apr 6 20:12:24 CST 2023
test
test
0 Thu Apr 6 21:18:17 CST 2023
test
0 Thu Apr 6 21:24:09 CST 2023
test
0 Thu Apr 6 21:29:45 CST 2023
test
0 Thu Apr 6 21:35:20 CST 2023
test
0 Thu Apr 6 21:40:58 CST 2023
test
0 Thu Apr 6 21:46:35 CST 2023
test
0 Thu Apr 6 21:52:21 CST 2023
test
0 Thu Apr 6 21:57:58 CST 2023
test
0 Thu Apr 6 22:03:34 CST 2023
test
0 Thu Apr 6 22:08:38 CST 2023
test
0 Thu Apr 6 22:13:53 CST 2023
test
0 Thu Apr 6 22:19:34 CST 2023
test
0 Thu Apr 6 22:24:45 CST 2023
test
0 Thu Apr 6 22:30:17 CST 2023
test
0 Thu Apr 6 22:35:58 CST 2023
test
0 Thu Apr 6 22:41:28 CST 2023
test
0 Thu Apr 6 22:47:19 CST 2023
test
0 Thu Apr 6 22:53:04 CST 2023
test
0 Thu Apr 6 22:58:47 CST 2023
test
0 Thu Apr 6 23:04:23 CST 2023
test
0 Thu Apr 6 23:09:58 CST 2023
test
0 Thu Apr 6 23:15:42 CST 2023
test
0 Thu Apr 6 23:21:17 CST 2023
test
0 Thu Apr 6 23:26:22 CST 2023
test
0 Thu Apr 6 23:31:54 CST 2023
test
0 Thu Apr 6 23:37:33 CST 2023
test
0 Thu Apr 6 23:43:14 CST 2023
test
0 Thu Apr 6 23:49:05 CST 2023
test
0 Thu Apr 6 23:54:44 CST 2023
test
0 Thu Apr 6 23:59:50 CST 2023
test
0 Fri Apr 7 00:04:47 CST 2023
test
0 Fri Apr 7 00:10:32 CST 2023
test
0 Fri Apr 7 00:16:13 CST 2023
test
0 Fri Apr 7 00:21:59 CST 2023
test
0 Fri Apr 7 00:27:43 CST 2023
test
0 Fri Apr 7 00:33:16 CST 2023
test
0 Fri Apr 7 00:37:33 CST 2023
test
0 Fri Apr 7 00:42:34 CST 2023
test
0 Fri Apr 7 00:47:16 CST 2023
test
0 Fri Apr 7 00:53:07 CST 2023
test
0 Fri Apr 7 00:58:31 CST 2023
test
0 Fri Apr 7 01:04:13 CST 2023
test
0 Fri Apr 7 01:09:44 CST 2023
test
0 Fri Apr 7 01:15:22 CST 2023
test
0 Fri Apr 7 01:21:08 CST 2023
test
0 Fri Apr 7 01:26:47 CST 2023
test
0 Fri Apr 7 01:31:35 CST 2023
test
0 Fri Apr 7 01:37:10 CST 2023
test
0 Fri Apr 7 01:42:36 CST 2023
test
0 Fri Apr 7 01:48:12 CST 2023
test
0 Fri Apr 7 01:53:46 CST 2023
test
0 Fri Apr 7 01:59:20 CST 2023
test
0 Fri Apr 7 02:04:59 CST 2023
test
0 Fri Apr 7 02:10:36 CST 2023
test
0 Fri Apr 7 02:16:17 CST 2023
test
0 Fri Apr 7 02:21:51 CST 2023
test
0 Fri Apr 7 02:27:32 CST 2023
test
0 Fri Apr 7 02:33:11 CST 2023
test
0 Fri Apr 7 02:38:51 CST 2023
test
0 Fri Apr 7 02:44:38 CST 2023
test
0 Fri Apr 7 02:50:04 CST 2023
test
0 Fri Apr 7 02:55:20 CST 2023
test
0 Fri Apr 7 03:00:53 CST 2023
test
0 Fri Apr 7 03:06:52 CST 2023
test
0 Fri Apr 7 03:12:34 CST 2023
test
0 Fri Apr 7 03:18:17 CST 2023
test
0 Fri Apr 7 03:23:53 CST 2023
test
0 Fri Apr 7 03:29:35 CST 2023
test
0 Fri Apr 7 03:34:46 CST 2023
test
0 Fri Apr 7 03:40:20 CST 2023
test
0 Fri Apr 7 03:45:59 CST 2023
test
0 Fri Apr 7 03:51:25 CST 2023
test
0 Fri Apr 7 03:57:12 CST 2023
test
0 Fri Apr 7 04:02:28 CST 2023
test
0 Fri Apr 7 04:07:34 CST 2023
test
0 Fri Apr 7 04:13:24 CST 2023
test
0 Fri Apr 7 04:19:05 CST 2023
test
0 Fri Apr 7 04:25:00 CST 2023
test
0 Fri Apr 7 04:30:40 CST 2023
test
0 Fri Apr 7 04:36:15 CST 2023
test
0 Fri Apr 7 04:41:56 CST 2023
test
0 Fri Apr 7 04:47:41 CST 2023
test
0 Fri Apr 7 04:53:23 CST 2023
test
0 Fri Apr 7 04:59:04 CST 2023
test
0 Fri Apr 7 05:04:03 CST 2023
test
0 Fri Apr 7 05:09:47 CST 2023
test
0 Fri Apr 7 05:14:33 CST 2023
test
0 Fri Apr 7 05:20:10 CST 2023
test
0 Fri Apr 7 05:25:19 CST 2023
test
0 Fri Apr 7 05:30:29 CST 2023
test
0 Fri Apr 7 05:36:08 CST 2023
test
0 Fri Apr 7 05:41:44 CST 2023
test
0 Fri Apr 7 05:47:40 CST 2023
test
0 Fri Apr 7 05:53:24 CST 2023
test
0 Fri Apr 7 05:59:00 CST 2023
test
0 Fri Apr 7 06:04:31 CST 2023
test
0 Fri Apr 7 06:10:19 CST 2023
test
0 Fri Apr 7 06:15:33 CST 2023
test
0 Fri Apr 7 06:21:08 CST 2023
test
0 Fri Apr 7 06:26:44 CST 2023
test
0 Fri Apr 7 06:32:11 CST 2023
test
0 Fri Apr 7 06:37:49 CST 2023
test
0 Fri Apr 7 06:43:32 CST 2023
test
0 Fri Apr 7 06:49:06 CST 2023
test
0 Fri Apr 7 06:54:49 CST 2023
test
0 Fri Apr 7 07:00:29 CST 2023
test
0 Fri Apr 7 07:06:07 CST 2023
test
0 Fri Apr 7 07:12:02 CST 2023
test
0 Fri Apr 7 07:17:44 CST 2023
test
0 Fri Apr 7 07:23:32 CST 2023
test
0 Fri Apr 7 07:29:17 CST 2023
test
0 Fri Apr 7 07:35:01 CST 2023
test
0 Fri Apr 7 07:40:43 CST 2023
test
0 Fri Apr 7 07:46:23 CST 2023
test
0 Fri Apr 7 07:51:58 CST 2023
test
0 Fri Apr 7 07:57:41 CST 2023
test
0 Fri Apr 7 08:03:25 CST 2023
test
0 Fri Apr 7 08:09:10 CST 2023
test
0 Fri Apr 7 08:14:59 CST 2023
test
0 Fri Apr 7 08:20:19 CST 2023
test
0 Fri Apr 7 08:26:04 CST 2023
test
0 Fri Apr 7 08:31:40 CST 2023
test
0 Fri Apr 7 08:37:14 CST 2023
test
0 Fri Apr 7 08:42:44 CST 2023
test
0 Fri Apr 7 08:48:22 CST 2023
test
0 Fri Apr 7 08:54:03 CST 2023
test
0 Fri Apr 7 08:59:33 CST 2023
test
0 Fri Apr 7 09:05:10 CST 2023
test
0 Fri Apr 7 09:09:47 CST 2023
test
0 Fri Apr 7 09:15:29 CST 2023
test
0 Fri Apr 7 09:20:33 CST 2023
test
0 Fri Apr 7 09:25:45 CST 2023
test
0 Fri Apr 7 09:31:05 CST 2023
test
0 Fri Apr 7 09:36:41 CST 2023
test
0 Fri Apr 7 09:42:13 CST 2023
test
0 Fri Apr 7 09:47:53 CST 2023
test
0 Fri Apr 7 09:52:38 CST 2023
test
0 Fri Apr 7 09:58:16 CST 2023
test
0 Fri Apr 7 10:03:43 CST 2023
test
0 Fri Apr 7 10:09:37 CST 2023
test
0 Fri Apr 7 10:14:45 CST 2023
test
0 Fri Apr 7 10:20:34 CST 2023
test
0 Fri Apr 7 10:26:07 CST 2023
test
0 Fri Apr 7 10:31:22 CST 2023
test
0 Fri Apr 7 10:36:07 CST 2023
test
0 Fri Apr 7 10:41:54 CST 2023
test
0 Fri Apr 7 10:47:27 CST 2023
test
0 Fri Apr 7 10:53:13 CST 2023
test
0 Fri Apr 7 10:58:45 CST 2023
test
0 Fri Apr 7 11:04:15 CST 2023
test
0 Fri Apr 7 11:09:53 CST 2023
test
0 Fri Apr 7 11:15:34 CST 2023
test
0 Fri Apr 7 11:21:08 CST 2023
test
0 Fri Apr 7 11:26:44 CST 2023
test
0 Fri Apr 7 11:32:14 CST 2023
test
0 Fri Apr 7 11:37:47 CST 2023
test
0 Fri Apr 7 11:43:23 CST 2023
test
0 Fri Apr 7 11:49:10 CST 2023
test
0 Fri Apr 7 11:54:55 CST 2023
test
0 Fri Apr 7 12:00:38 CST 2023
test
0 Fri Apr 7 12:06:14 CST 2023
test
0 Fri Apr 7 12:11:21 CST 2023
test
0 Fri Apr 7 12:17:04 CST 2023
test
0 Fri Apr 7 12:22:32 CST 2023
test
0 Fri Apr 7 12:28:11 CST 2023
test
0 Fri Apr 7 12:33:54 CST 2023
test
0 Fri Apr 7 12:39:34 CST 2023
test
0 Fri Apr 7 12:44:47 CST 2023
test
0 Fri Apr 7 12:50:28 CST 2023
test
0 Fri Apr 7 12:55:58 CST 2023
test
0 Fri Apr 7 13:01:41 CST 2023
test
0 Fri Apr 7 13:07:14 CST 2023
test
0 Fri Apr 7 13:12:53 CST 2023
test
0 Fri Apr 7 13:18:32 CST 2023
test
0 Fri Apr 7 13:24:11 CST 2023
test
0 Fri Apr 7 13:29:51 CST 2023
test
0 Fri Apr 7 13:35:29 CST 2023
test
0 Fri Apr 7 13:41:12 CST 2023
test
0 Fri Apr 7 13:46:57 CST 2023
test
0 Fri Apr 7 13:52:37 CST 2023
test
0 Fri Apr 7 13:58:29 CST 2023
test
0 Fri Apr 7 14:04:06 CST 2023
test
0 Fri Apr 7 14:09:40 CST 2023
test
0 Fri Apr 7 14:15:20 CST 2023
test
0 Fri Apr 7 14:21:07 CST 2023
test
0 Fri Apr 7 14:26:51 CST 2023
test
0 Fri Apr 7 14:32:27 CST 2023
test
0 Fri Apr 7 14:38:18 CST 2023
test
0 Fri Apr 7 14:44:03 CST 2023
test
0 Fri Apr 7 14:49:33 CST 2023
test
0 Fri Apr 7 14:55:06 CST 2023
test
0 Fri Apr 7 15:00:12 CST 2023
test
0 Fri Apr 7 15:05:06 CST 2023
test
0 Fri Apr 7 15:10:18 CST 2023
test
0 Fri Apr 7 15:15:24 CST 2023
test
0 Fri Apr 7 15:20:56 CST 2023
test
0 Fri Apr 7 15:26:30 CST 2023
test
0 Fri Apr 7 15:32:02 CST 2023
test
0 Fri Apr 7 15:37:47 CST 2023
test
0 Fri Apr 7 15:43:22 CST 2023
test
0 Fri Apr 7 15:48:33 CST 2023
test
0 Fri Apr 7 15:54:20 CST 2023
test
0 Fri Apr 7 16:00:05 CST 2023
test
0 Fri Apr 7 16:05:45 CST 2023
test
0 Fri Apr 7 16:11:19 CST 2023
test
0 Fri Apr 7 16:16:50 CST 2023
test
0 Fri Apr 7 16:22:40 CST 2023
test
0 Fri Apr 7 16:27:45 CST 2023
test
0 Fri Apr 7 16:33:20 CST 2023
test
0 Fri Apr 7 16:38:58 CST 2023
test
0 Fri Apr 7 16:44:35 CST 2023
test
0 Fri Apr 7 16:50:13 CST 2023
test
0 Fri Apr 7 16:56:04 CST 2023
test
0 Fri Apr 7 17:01:38 CST 2023
test
0 Fri Apr 7 17:07:20 CST 2023
test
0 Fri Apr 7 17:12:25 CST 2023
test
0 Fri Apr 7 17:17:55 CST 2023
test
0 Fri Apr 7 17:23:34 CST 2023
test
0 Fri Apr 7 17:29:21 CST 2023
test
0 Fri Apr 7 17:34:30 CST 2023
test
0 Fri Apr 7 17:39:59 CST 2023
test
0 Fri Apr 7 17:45:53 CST 2023
test
0 Fri Apr 7 17:51:18 CST 2023
test
0 Fri Apr 7 17:56:45 CST 2023
test
0 Fri Apr 7 18:02:25 CST 2023
test
0 Fri Apr 7 18:06:49 CST 2023
test
0 Fri Apr 7 18:12:36 CST 2023
test
0 Fri Apr 7 18:18:10 CST 2023
test
0 Fri Apr 7 18:23:48 CST 2023
test
0 Fri Apr 7 18:29:32 CST 2023
test
0 Fri Apr 7 18:34:45 CST 2023
test
0 Fri Apr 7 18:39:55 CST 2023
test
0 Fri Apr 7 18:45:48 CST 2023
test
0 Fri Apr 7 18:51:30 CST 2023
test
0 Fri Apr 7 18:57:04 CST 2023
test
0 Fri Apr 7 19:02:47 CST 2023
test
0 Fri Apr 7 19:08:05 CST 2023
test
0 Fri Apr 7 19:13:36 CST 2023
test
0 Fri Apr 7 19:19:10 CST 2023
test
0 Fri Apr 7 19:24:50 CST 2023
test
0 Fri Apr 7 19:30:18 CST 2023
test
0 Fri Apr 7 19:35:19 CST 2023
test
0 Fri Apr 7 19:40:20 CST 2023
test
0 Fri Apr 7 19:45:34 CST 2023
test
0 Fri Apr 7 19:51:11 CST 2023
test
0 Fri Apr 7 19:56:58 CST 2023
test
0 Fri Apr 7 20:02:40 CST 2023
test
0 Fri Apr 7 20:08:07 CST 2023
test
0 Fri Apr 7 20:13:53 CST 2023
test
0 Fri Apr 7 20:19:30 CST 2023
test
0 Fri Apr 7 20:25:04 CST 2023
test
0 Fri Apr 7 20:30:31 CST 2023
test
0 Fri Apr 7 20:36:16 CST 2023
test
0 Fri Apr 7 20:42:04 CST 2023
test
0 Fri Apr 7 20:47:39 CST 2023
test
0 Fri Apr 7 20:53:14 CST 2023
test
0 Fri Apr 7 20:58:58 CST 2023
test
0 Fri Apr 7 21:04:36 CST 2023
test
0 Fri Apr 7 21:10:17 CST 2023
test
0 Fri Apr 7 21:15:55 CST 2023
test
0 Fri Apr 7 21:21:01 CST 2023
test
0 Fri Apr 7 21:26:32 CST 2023
test
0 Fri Apr 7 21:31:43 CST 2023
test
0 Fri Apr 7 21:36:21 CST 2023
test
0 Fri Apr 7 21:42:03 CST 2023
test
0 Fri Apr 7 21:47:48 CST 2023
test
0 Fri Apr 7 21:53:22 CST 2023
test
0 Fri Apr 7 21:58:09 CST 2023
test
0 Fri Apr 7 22:03:45 CST 2023
test
0 Fri Apr 7 22:09:23 CST 2023
test
0 Fri Apr 7 22:14:39 CST 2023
test
0 Fri Apr 7 22:19:47 CST 2023
test
0 Fri Apr 7 22:25:33 CST 2023
test
0 Fri Apr 7 22:31:14 CST 2023
test
0 Fri Apr 7 22:36:52 CST 2023
test
0 Fri Apr 7 22:42:50 CST 2023
test
0 Fri Apr 7 22:47:54 CST 2023
test
0 Fri Apr 7 22:53:34 CST 2023
test
0 Fri Apr 7 22:59:06 CST 2023
test
0 Fri Apr 7 23:03:57 CST 2023
test
0 Fri Apr 7 23:09:30 CST 2023
test
0 Fri Apr 7 23:13:46 CST 2023
test
0 Fri Apr 7 23:19:05 CST 2023
test
0 Fri Apr 7 23:24:48 CST 2023
test
0 Fri Apr 7 23:29:56 CST 2023
test
0 Fri Apr 7 23:35:34 CST 2023
test
0 Fri Apr 7 23:41:13 CST 2023
test
0 Fri Apr 7 23:47:01 CST 2023
test
0 Fri Apr 7 23:51:57 CST 2023
test
0 Fri Apr 7 23:56:56 CST 2023
test
0 Sat Apr 8 00:02:33 CST 2023
test
0 Sat Apr 8 00:07:36 CST 2023
test
0 Sat Apr 8 00:12:42 CST 2023
test
0 Sat Apr 8 00:18:24 CST 2023
test
0 Sat Apr 8 00:23:26 CST 2023
test
0 Sat Apr 8 00:29:06 CST 2023
test
0 Sat Apr 8 00:34:48 CST 2023
test
0 Sat Apr 8 00:40:20 CST 2023
test
0 Sat Apr 8 00:46:06 CST 2023
test
0 Sat Apr 8 00:51:44 CST 2023
test
0 Sat Apr 8 00:56:53 CST 2023
test
0 Sat Apr 8 01:02:15 CST 2023
test
0 Sat Apr 8 01:06:50 CST 2023
test
0 Sat Apr 8 01:12:16 CST 2023
test
0 Sat Apr 8 01:17:16 CST 2023
test
0 Sat Apr 8 01:22:52 CST 2023
test
0 Sat Apr 8 01:28:26 CST 2023
test
0 Sat Apr 8 01:34:00 CST 2023
test
0 Sat Apr 8 01:39:32 CST 2023
test
0 Sat Apr 8 01:44:01 CST 2023
test
0 Sat Apr 8 01:49:10 CST 2023
test
0 Sat Apr 8 01:54:46 CST 2023
test
0 Sat Apr 8 02:00:35 CST 2023
test
0 Sat Apr 8 02:05:56 CST 2023
test
0 Sat Apr 8 02:11:51 CST 2023
test
0 Sat Apr 8 02:17:34 CST 2023
test
0 Sat Apr 8 02:22:46 CST 2023
test
0 Sat Apr 8 02:28:22 CST 2023
test
0 Sat Apr 8 02:34:10 CST 2023
test
0 Sat Apr 8 02:39:01 CST 2023
test
0 Sat Apr 8 02:44:52 CST 2023
test
0 Sat Apr 8 02:50:32 CST 2023
test
0 Sat Apr 8 02:55:19 CST 2023
test
0 Sat Apr 8 03:00:49 CST 2023
test
0 Sat Apr 8 03:06:16 CST 2023
test
0 Sat Apr 8 03:11:47 CST 2023
test
0 Sat Apr 8 03:16:46 CST 2023
test
0 Sat Apr 8 03:22:20 CST 2023
test
0 Sat Apr 8 03:28:06 CST 2023
test
0 Sat Apr 8 03:33:38 CST 2023
test
0 Sat Apr 8 03:39:20 CST 2023
test
0 Sat Apr 8 03:45:09 CST 2023
test
0 Sat Apr 8 03:50:47 CST 2023
test
0 Sat Apr 8 03:56:33 CST 2023
test
0 Sat Apr 8 04:02:14 CST 2023
test
0 Sat Apr 8 04:08:04 CST 2023
test
0 Sat Apr 8 04:13:16 CST 2023
test
0 Sat Apr 8 04:17:32 CST 2023
test
0 Sat Apr 8 04:22:08 CST 2023
test
0 Sat Apr 8 04:27:08 CST 2023
test
0 Sat Apr 8 04:32:54 CST 2023
test
0 Sat Apr 8 04:38:32 CST 2023
test
0 Sat Apr 8 04:44:31 CST 2023
test
0 Sat Apr 8 04:49:44 CST 2023
test
0 Sat Apr 8 04:54:34 CST 2023
test
0 Sat Apr 8 05:00:12 CST 2023
test
0 Sat Apr 8 05:05:52 CST 2023
test
0 Sat Apr 8 05:11:34 CST 2023
test
0 Sat Apr 8 05:17:10 CST 2023
test
0 Sat Apr 8 05:22:55 CST 2023
test
0 Sat Apr 8 05:28:42 CST 2023
test
0 Sat Apr 8 05:34:24 CST 2023
test
0 Sat Apr 8 05:40:17 CST 2023
test
0 Sat Apr 8 05:45:51 CST 2023
test
0 Sat Apr 8 05:51:35 CST 2023
test
0 Sat Apr 8 05:57:00 CST 2023
test
0 Sat Apr 8 06:02:38 CST 2023
test
0 Sat Apr 8 06:08:20 CST 2023
test
0 Sat Apr 8 06:13:38 CST 2023
test
0 Sat Apr 8 06:18:50 CST 2023
test
0 Sat Apr 8 06:23:55 CST 2023
test
0 Sat Apr 8 06:28:45 CST 2023
test
0 Sat Apr 8 06:34:25 CST 2023
test
0 Sat Apr 8 06:40:00 CST 2023
test
0 Sat Apr 8 06:45:41 CST 2023
test
0 Sat Apr 8 06:51:11 CST 2023
test
0 Sat Apr 8 06:56:36 CST 2023
test
0 Sat Apr 8 07:01:59 CST 2023
test
0 Sat Apr 8 07:07:10 CST 2023
test
0 Sat Apr 8 07:12:19 CST 2023
test
0 Sat Apr 8 07:17:37 CST 2023
test
0 Sat Apr 8 07:22:36 CST 2023
test
0 Sat Apr 8 07:28:10 CST 2023
test
0 Sat Apr 8 07:33:44 CST 2023
test
0 Sat Apr 8 07:39:23 CST 2023
test
0 Sat Apr 8 07:44:02 CST 2023
test
0 Sat Apr 8 07:49:44 CST 2023
test
0 Sat Apr 8 07:55:33 CST 2023
test
0 Sat Apr 8 08:00:51 CST 2023
test
0 Sat Apr 8 08:06:25 CST 2023
test
0 Sat Apr 8 08:11:22 CST 2023
test
0 Sat Apr 8 08:16:46 CST 2023
test
0 Sat Apr 8 08:21:52 CST 2023
test
0 Sat Apr 8 08:27:25 CST 2023
test
0 Sat Apr 8 08:32:49 CST 2023
test
0 Sat Apr 8 08:37:59 CST 2023
test
0 Sat Apr 8 08:43:25 CST 2023
test
0 Sat Apr 8 08:48:55 CST 2023
test
0 Sat Apr 8 08:53:58 CST 2023
test
0 Sat Apr 8 08:59:30 CST 2023
test
0 Sat Apr 8 09:05:17 CST 2023
test
0 Sat Apr 8 09:10:32 CST 2023
test
0 Sat Apr 8 09:16:31 CST 2023
test
0 Sat Apr 8 09:22:01 CST 2023
test
0 Sat Apr 8 09:27:05 CST 2023
test
0 Sat Apr 8 09:32:50 CST 2023
test
0 Sat Apr 8 09:37:55 CST 2023
test
0 Sat Apr 8 09:43:40 CST 2023
test
0 Sat Apr 8 09:49:06 CST 2023
test
0 Sat Apr 8 09:54:44 CST 2023
test
0 Sat Apr 8 10:00:28 CST 2023
test
0 Sat Apr 8 10:06:06 CST 2023
test
0 Sat Apr 8 10:11:49 CST 2023
test
0 Sat Apr 8 10:17:29 CST 2023
test
0 Sat Apr 8 10:22:59 CST 2023
test
0 Sat Apr 8 10:28:39 CST 2023
test
0 Sat Apr 8 10:34:21 CST 2023
test
0 Sat Apr 8 10:40:12 CST 2023
test
0 Sat Apr 8 10:45:50 CST 2023
test
0 Sat Apr 8 10:51:00 CST 2023
test
0 Sat Apr 8 10:56:51 CST 2023
test
0 Sat Apr 8 11:02:21 CST 2023
test
0 Sat Apr 8 11:07:59 CST 2023
test
0 Sat Apr 8 11:13:46 CST 2023
test
0 Sat Apr 8 11:19:08 CST 2023
test
0 Sat Apr 8 11:24:23 CST 2023
test
0 Sat Apr 8 11:29:13 CST 2023
test
0 Sat Apr 8 11:34:33 CST 2023
test
0 Sat Apr 8 11:40:05 CST 2023
test
0 Sat Apr 8 11:45:42 CST 2023
test
0 Sat Apr 8 11:51:30 CST 2023
test
0 Sat Apr 8 11:56:21 CST 2023
test
0 Sat Apr 8 12:01:57 CST 2023
test
0 Sat Apr 8 12:06:31 CST 2023
test
0 Sat Apr 8 12:11:45 CST 2023
test
0 Sat Apr 8 12:17:21 CST 2023
test
0 Sat Apr 8 12:22:57 CST 2023
test
0 Sat Apr 8 12:28:14 CST 2023
test
0 Sat Apr 8 12:33:53 CST 2023
test
0 Sat Apr 8 12:39:35 CST 2023
test
0 Sat Apr 8 12:45:09 CST 2023
test
0 Sat Apr 8 12:50:47 CST 2023
test
